18:28:49 **** Incremental Build of configuration Debug for project lab_final ****
make all 
'Building file: ../src/lw_usb_main.c'
'Invoking: MicroBlaze gcc compiler'
mb-gcc -Wall -O0 -g3 -c -fmessage-length=0 -MT"src/lw_usb_main.o" -IC:/Users/vorte/ECE385/fpga_final_project/lab_final_ml/lab_final_workspace/digit_recognizer_top/export/digit_recognizer_top/sw/digit_recognizer_top/standalone_microblaze_0/bspinclude/include -mno-xl-reorder -mlittle-endian -mxl-barrel-shift -mxl-pattern-compare -mcpu=v11.0 -mno-xl-soft-mul -Wl,--no-relax -ffunction-sections -fdata-sections -MMD -MP -MF"src/lw_usb_main.d" -MT"src/lw_usb_main.o" -o "src/lw_usb_main.o" "../src/lw_usb_main.c"
'Finished building: ../src/lw_usb_main.c'
' '
'Building target: lab_final.elf'
'Invoking: MicroBlaze gcc linker'
mb-gcc -Wl,-T -Wl,../src/lscript.ld -LC:/Users/vorte/ECE385/fpga_final_project/lab_final_ml/lab_final_workspace/digit_recognizer_top/export/digit_recognizer_top/sw/digit_recognizer_top/standalone_microblaze_0/bsplib/lib -mlittle-endian -mxl-barrel-shift -mxl-pattern-compare -mcpu=v11.0 -mno-xl-soft-mul -Wl,--no-relax -Wl,--gc-sections -o "lab_final.elf"  ./src/lw_usb/HID.o ./src/lw_usb/MAX3421E.o ./src/lw_usb/transfer.o  ./src/lw_usb_main.o ./src/platform.o   -Wl,--start-group,-lxil,-lgcc,-lc,--end-group
'Finished building target: lab_final.elf'
' '
'Invoking: MicroBlaze Print Size'
mb-size lab_final.elf  |tee "lab_final.elf.size"
   text	   data	    bss	    dec	    hex	filename
  25152	    464	   3688	  29304	   7278	lab_final.elf
'Finished building: lab_final.elf.size'
' '

18:28:50 Build Finished (took 799ms)

