
*** Running vivado
    with args -log digit_recognizer_top.vds -m64 -product Vivado -mode batch -messageDb vivado.pb -notrace -source digit_recognizer_top.tcl



****** Vivado v2022.2 (64-bit)
  **** SW Build 3671981 on Fri Oct 14 05:00:03 MDT 2022
  **** IP Build 3669848 on Fri Oct 14 08:30:02 MDT 2022
    ** Copyright 1986-2022 Xilinx, Inc. All Rights Reserved.

source digit_recognizer_top.tcl -notrace
create_project: Time (s): cpu = 00:00:04 ; elapsed = 00:00:08 . Memory (MB): peak = 1002.078 ; gain = 118.012
INFO: [IP_Flow 19-234] Refreshing IP repositories
INFO: [IP_Flow 19-1700] Loaded user IP repository 'c:/Users/vorte/ECE385/ip_repo'.
INFO: [IP_Flow 19-2313] Loaded Vivado IP repository 'C:/Xilinx/Vivado/2022.2/data/ip'.
add_files: Time (s): cpu = 00:00:01 ; elapsed = 00:00:06 . Memory (MB): peak = 1044.453 ; gain = 17.531
Command: read_checkpoint -auto_incremental -incremental C:/Users/vorte/ECE385/fpga_final_project/lab_final_ml/lab_final_ml.srcs/utils_1/imports/synth_1/mac_unit.dcp
INFO: [Vivado 12-5825] Read reference checkpoint from C:/Users/vorte/ECE385/fpga_final_project/lab_final_ml/lab_final_ml.srcs/utils_1/imports/synth_1/mac_unit.dcp for incremental synthesis
INFO: [Vivado 12-7989] Please ensure there are no constraint changes
Command: synth_design -top digit_recognizer_top -part xc7s50csga324-1
Starting synth_design
Attempting to get a license for feature 'Synthesis' and/or device 'xc7s50'
INFO: [Common 17-349] Got license for feature 'Synthesis' and/or device 'xc7s50'
INFO: [Device 21-403] Loading part xc7s50csga324-1
INFO: [Designutils 20-5440] No compile time benefit to using incremental synthesis; A full resynthesis will be run
INFO: [Designutils 20-4379] Flow is switching to default flow due to incremental criteria not met. If you would like to alter this behaviour and have the flow terminate instead, please set the following parameter config_implementation {autoIncr.Synth.RejectBehavior Terminate}
INFO: [Synth 8-7079] Multithreading enabled for synth_design using a maximum of 2 processes.
INFO: [Synth 8-7078] Launching helper process for spawning children vivado processes
INFO: [Synth 8-7075] Helper process launched with PID 47376
INFO: [Synth 8-11241] undeclared symbol 'REGCCE', assumed default net type 'wire' [C:/Xilinx/Vivado/2022.2/data/verilog/src/unimacro/BRAM_SINGLE_MACRO.v:2170]
---------------------------------------------------------------------------------
Starting RTL Elaboration : Time (s): cpu = 00:00:03 ; elapsed = 00:00:04 . Memory (MB): peak = 1848.309 ; gain = 408.562
---------------------------------------------------------------------------------
INFO: [Synth 8-6157] synthesizing module 'digit_recognizer_top' [C:/Users/vorte/ECE385/fpga_final_project/lab_final_ml/lab_final_ml.srcs/sources_1/imports/src/digit_recognizer_top.sv:12]
INFO: [Synth 8-6157] synthesizing module 'mb_usb' [c:/Users/vorte/ECE385/fpga_final_project/lab_final_ml/lab_final_ml.gen/sources_1/bd/mb_usb/synth/mb_usb.v:936]
INFO: [Synth 8-6157] synthesizing module 'mb_usb_axi_uartlite_0_0' [C:/Users/vorte/ECE385/fpga_final_project/lab_final_ml/lab_final_ml.runs/synth_1/.Xil/Vivado-34144-SirJason/realtime/mb_usb_axi_uartlite_0_0_stub.v:5]
INFO: [Synth 8-6155] done synthesizing module 'mb_usb_axi_uartlite_0_0' (0#1) [C:/Users/vorte/ECE385/fpga_final_project/lab_final_ml/lab_final_ml.runs/synth_1/.Xil/Vivado-34144-SirJason/realtime/mb_usb_axi_uartlite_0_0_stub.v:5]
INFO: [Synth 8-6157] synthesizing module 'mb_usb_clk_wiz_1_0' [C:/Users/vorte/ECE385/fpga_final_project/lab_final_ml/lab_final_ml.runs/synth_1/.Xil/Vivado-34144-SirJason/realtime/mb_usb_clk_wiz_1_0_stub.v:5]
INFO: [Synth 8-6155] done synthesizing module 'mb_usb_clk_wiz_1_0' (0#1) [C:/Users/vorte/ECE385/fpga_final_project/lab_final_ml/lab_final_ml.runs/synth_1/.Xil/Vivado-34144-SirJason/realtime/mb_usb_clk_wiz_1_0_stub.v:5]
INFO: [Synth 8-6157] synthesizing module 'mb_usb_gpio_usb_int_0' [C:/Users/vorte/ECE385/fpga_final_project/lab_final_ml/lab_final_ml.runs/synth_1/.Xil/Vivado-34144-SirJason/realtime/mb_usb_gpio_usb_int_0_stub.v:5]
INFO: [Synth 8-6155] done synthesizing module 'mb_usb_gpio_usb_int_0' (0#1) [C:/Users/vorte/ECE385/fpga_final_project/lab_final_ml/lab_final_ml.runs/synth_1/.Xil/Vivado-34144-SirJason/realtime/mb_usb_gpio_usb_int_0_stub.v:5]
INFO: [Synth 8-6157] synthesizing module 'mb_usb_gpio_usb_keycode_0' [C:/Users/vorte/ECE385/fpga_final_project/lab_final_ml/lab_final_ml.runs/synth_1/.Xil/Vivado-34144-SirJason/realtime/mb_usb_gpio_usb_keycode_0_stub.v:5]
INFO: [Synth 8-6155] done synthesizing module 'mb_usb_gpio_usb_keycode_0' (0#1) [C:/Users/vorte/ECE385/fpga_final_project/lab_final_ml/lab_final_ml.runs/synth_1/.Xil/Vivado-34144-SirJason/realtime/mb_usb_gpio_usb_keycode_0_stub.v:5]
INFO: [Synth 8-6157] synthesizing module 'mb_usb_gpio_usb_rst_0' [C:/Users/vorte/ECE385/fpga_final_project/lab_final_ml/lab_final_ml.runs/synth_1/.Xil/Vivado-34144-SirJason/realtime/mb_usb_gpio_usb_rst_0_stub.v:5]
INFO: [Synth 8-6155] done synthesizing module 'mb_usb_gpio_usb_rst_0' (0#1) [C:/Users/vorte/ECE385/fpga_final_project/lab_final_ml/lab_final_ml.runs/synth_1/.Xil/Vivado-34144-SirJason/realtime/mb_usb_gpio_usb_rst_0_stub.v:5]
INFO: [Synth 8-6157] synthesizing module 'mb_usb_mdm_1_0' [C:/Users/vorte/ECE385/fpga_final_project/lab_final_ml/lab_final_ml.runs/synth_1/.Xil/Vivado-34144-SirJason/realtime/mb_usb_mdm_1_0_stub.v:5]
INFO: [Synth 8-6155] done synthesizing module 'mb_usb_mdm_1_0' (0#1) [C:/Users/vorte/ECE385/fpga_final_project/lab_final_ml/lab_final_ml.runs/synth_1/.Xil/Vivado-34144-SirJason/realtime/mb_usb_mdm_1_0_stub.v:5]
INFO: [Synth 8-6157] synthesizing module 'mb_usb_microblaze_0_0' [C:/Users/vorte/ECE385/fpga_final_project/lab_final_ml/lab_final_ml.runs/synth_1/.Xil/Vivado-34144-SirJason/realtime/mb_usb_microblaze_0_0_stub.v:5]
INFO: [Synth 8-6155] done synthesizing module 'mb_usb_microblaze_0_0' (0#1) [C:/Users/vorte/ECE385/fpga_final_project/lab_final_ml/lab_final_ml.runs/synth_1/.Xil/Vivado-34144-SirJason/realtime/mb_usb_microblaze_0_0_stub.v:5]
INFO: [Synth 8-6157] synthesizing module 'mb_usb_microblaze_0_axi_intc_0' [C:/Users/vorte/ECE385/fpga_final_project/lab_final_ml/lab_final_ml.runs/synth_1/.Xil/Vivado-34144-SirJason/realtime/mb_usb_microblaze_0_axi_intc_0_stub.v:5]
INFO: [Synth 8-6155] done synthesizing module 'mb_usb_microblaze_0_axi_intc_0' (0#1) [C:/Users/vorte/ECE385/fpga_final_project/lab_final_ml/lab_final_ml.runs/synth_1/.Xil/Vivado-34144-SirJason/realtime/mb_usb_microblaze_0_axi_intc_0_stub.v:5]
INFO: [Synth 8-6157] synthesizing module 'mb_usb_microblaze_0_axi_periph_0' [c:/Users/vorte/ECE385/fpga_final_project/lab_final_ml/lab_final_ml.gen/sources_1/bd/mb_usb/synth/mb_usb.v:1647]
INFO: [Synth 8-6157] synthesizing module 'm00_couplers_imp_1CNVJ1L' [c:/Users/vorte/ECE385/fpga_final_project/lab_final_ml/lab_final_ml.gen/sources_1/bd/mb_usb/synth/mb_usb.v:12]
INFO: [Synth 8-6155] done synthesizing module 'm00_couplers_imp_1CNVJ1L' (0#1) [c:/Users/vorte/ECE385/fpga_final_project/lab_final_ml/lab_final_ml.gen/sources_1/bd/mb_usb/synth/mb_usb.v:12]
INFO: [Synth 8-6157] synthesizing module 'm01_couplers_imp_ADY9K' [c:/Users/vorte/ECE385/fpga_final_project/lab_final_ml/lab_final_ml.gen/sources_1/bd/mb_usb/synth/mb_usb.v:144]
INFO: [Synth 8-6155] done synthesizing module 'm01_couplers_imp_ADY9K' (0#1) [c:/Users/vorte/ECE385/fpga_final_project/lab_final_ml/lab_final_ml.gen/sources_1/bd/mb_usb/synth/mb_usb.v:144]
INFO: [Synth 8-6157] synthesizing module 'm02_couplers_imp_BB516Y' [c:/Users/vorte/ECE385/fpga_final_project/lab_final_ml/lab_final_ml.gen/sources_1/bd/mb_usb/synth/mb_usb.v:276]
INFO: [Synth 8-6155] done synthesizing module 'm02_couplers_imp_BB516Y' (0#1) [c:/Users/vorte/ECE385/fpga_final_project/lab_final_ml/lab_final_ml.gen/sources_1/bd/mb_usb/synth/mb_usb.v:276]
INFO: [Synth 8-6157] synthesizing module 'm03_couplers_imp_11D4JQ3' [c:/Users/vorte/ECE385/fpga_final_project/lab_final_ml/lab_final_ml.gen/sources_1/bd/mb_usb/synth/mb_usb.v:408]
INFO: [Synth 8-6155] done synthesizing module 'm03_couplers_imp_11D4JQ3' (0#1) [c:/Users/vorte/ECE385/fpga_final_project/lab_final_ml/lab_final_ml.gen/sources_1/bd/mb_usb/synth/mb_usb.v:408]
INFO: [Synth 8-6157] synthesizing module 'm04_couplers_imp_Y7VWKU' [c:/Users/vorte/ECE385/fpga_final_project/lab_final_ml/lab_final_ml.gen/sources_1/bd/mb_usb/synth/mb_usb.v:540]
INFO: [Synth 8-6155] done synthesizing module 'm04_couplers_imp_Y7VWKU' (0#1) [c:/Users/vorte/ECE385/fpga_final_project/lab_final_ml/lab_final_ml.gen/sources_1/bd/mb_usb/synth/mb_usb.v:540]
INFO: [Synth 8-6157] synthesizing module 'm05_couplers_imp_1N5X0ZJ' [c:/Users/vorte/ECE385/fpga_final_project/lab_final_ml/lab_final_ml.gen/sources_1/bd/mb_usb/synth/mb_usb.v:672]
INFO: [Synth 8-6155] done synthesizing module 'm05_couplers_imp_1N5X0ZJ' (0#1) [c:/Users/vorte/ECE385/fpga_final_project/lab_final_ml/lab_final_ml.gen/sources_1/bd/mb_usb/synth/mb_usb.v:672]
INFO: [Synth 8-6157] synthesizing module 'm06_couplers_imp_1Y6O2J1' [c:/Users/vorte/ECE385/fpga_final_project/lab_final_ml/lab_final_ml.gen/sources_1/bd/mb_usb/synth/mb_usb.v:804]
INFO: [Synth 8-6155] done synthesizing module 'm06_couplers_imp_1Y6O2J1' (0#1) [c:/Users/vorte/ECE385/fpga_final_project/lab_final_ml/lab_final_ml.gen/sources_1/bd/mb_usb/synth/mb_usb.v:804]
INFO: [Synth 8-6157] synthesizing module 's00_couplers_imp_16FJ1YW' [c:/Users/vorte/ECE385/fpga_final_project/lab_final_ml/lab_final_ml.gen/sources_1/bd/mb_usb/synth/mb_usb.v:2971]
INFO: [Synth 8-6155] done synthesizing module 's00_couplers_imp_16FJ1YW' (0#1) [c:/Users/vorte/ECE385/fpga_final_project/lab_final_ml/lab_final_ml.gen/sources_1/bd/mb_usb/synth/mb_usb.v:2971]
INFO: [Synth 8-6157] synthesizing module 'mb_usb_xbar_0' [C:/Users/vorte/ECE385/fpga_final_project/lab_final_ml/lab_final_ml.runs/synth_1/.Xil/Vivado-34144-SirJason/realtime/mb_usb_xbar_0_stub.v:5]
INFO: [Synth 8-6155] done synthesizing module 'mb_usb_xbar_0' (0#1) [C:/Users/vorte/ECE385/fpga_final_project/lab_final_ml/lab_final_ml.runs/synth_1/.Xil/Vivado-34144-SirJason/realtime/mb_usb_xbar_0_stub.v:5]
WARNING: [Synth 8-7071] port 'm_axi_awprot' of module 'mb_usb_xbar_0' is unconnected for instance 'xbar' [c:/Users/vorte/ECE385/fpga_final_project/lab_final_ml/lab_final_ml.gen/sources_1/bd/mb_usb/synth/mb_usb.v:2696]
WARNING: [Synth 8-7071] port 'm_axi_arprot' of module 'mb_usb_xbar_0' is unconnected for instance 'xbar' [c:/Users/vorte/ECE385/fpga_final_project/lab_final_ml/lab_final_ml.gen/sources_1/bd/mb_usb/synth/mb_usb.v:2696]
WARNING: [Synth 8-7023] instance 'xbar' of module 'mb_usb_xbar_0' has 40 connections declared, but only 38 given [c:/Users/vorte/ECE385/fpga_final_project/lab_final_ml/lab_final_ml.gen/sources_1/bd/mb_usb/synth/mb_usb.v:2696]
INFO: [Synth 8-6155] done synthesizing module 'mb_usb_microblaze_0_axi_periph_0' (0#1) [c:/Users/vorte/ECE385/fpga_final_project/lab_final_ml/lab_final_ml.gen/sources_1/bd/mb_usb/synth/mb_usb.v:1647]
INFO: [Synth 8-6157] synthesizing module 'microblaze_0_local_memory_imp_4XV58R' [c:/Users/vorte/ECE385/fpga_final_project/lab_final_ml/lab_final_ml.gen/sources_1/bd/mb_usb/synth/mb_usb.v:2737]
INFO: [Synth 8-6157] synthesizing module 'mb_usb_dlmb_bram_if_cntlr_0' [C:/Users/vorte/ECE385/fpga_final_project/lab_final_ml/lab_final_ml.runs/synth_1/.Xil/Vivado-34144-SirJason/realtime/mb_usb_dlmb_bram_if_cntlr_0_stub.v:5]
INFO: [Synth 8-6155] done synthesizing module 'mb_usb_dlmb_bram_if_cntlr_0' (0#1) [C:/Users/vorte/ECE385/fpga_final_project/lab_final_ml/lab_final_ml.runs/synth_1/.Xil/Vivado-34144-SirJason/realtime/mb_usb_dlmb_bram_if_cntlr_0_stub.v:5]
INFO: [Synth 8-6157] synthesizing module 'mb_usb_dlmb_v10_0' [C:/Users/vorte/ECE385/fpga_final_project/lab_final_ml/lab_final_ml.runs/synth_1/.Xil/Vivado-34144-SirJason/realtime/mb_usb_dlmb_v10_0_stub.v:5]
INFO: [Synth 8-6155] done synthesizing module 'mb_usb_dlmb_v10_0' (0#1) [C:/Users/vorte/ECE385/fpga_final_project/lab_final_ml/lab_final_ml.runs/synth_1/.Xil/Vivado-34144-SirJason/realtime/mb_usb_dlmb_v10_0_stub.v:5]
WARNING: [Synth 8-7071] port 'LMB_Rst' of module 'mb_usb_dlmb_v10_0' is unconnected for instance 'dlmb_v10' [c:/Users/vorte/ECE385/fpga_final_project/lab_final_ml/lab_final_ml.gen/sources_1/bd/mb_usb/synth/mb_usb.v:2883]
WARNING: [Synth 8-7023] instance 'dlmb_v10' of module 'mb_usb_dlmb_v10_0' has 25 connections declared, but only 24 given [c:/Users/vorte/ECE385/fpga_final_project/lab_final_ml/lab_final_ml.gen/sources_1/bd/mb_usb/synth/mb_usb.v:2883]
INFO: [Synth 8-6157] synthesizing module 'mb_usb_ilmb_bram_if_cntlr_0' [C:/Users/vorte/ECE385/fpga_final_project/lab_final_ml/lab_final_ml.runs/synth_1/.Xil/Vivado-34144-SirJason/realtime/mb_usb_ilmb_bram_if_cntlr_0_stub.v:5]
INFO: [Synth 8-6155] done synthesizing module 'mb_usb_ilmb_bram_if_cntlr_0' (0#1) [C:/Users/vorte/ECE385/fpga_final_project/lab_final_ml/lab_final_ml.runs/synth_1/.Xil/Vivado-34144-SirJason/realtime/mb_usb_ilmb_bram_if_cntlr_0_stub.v:5]
INFO: [Synth 8-6157] synthesizing module 'mb_usb_ilmb_v10_0' [C:/Users/vorte/ECE385/fpga_final_project/lab_final_ml/lab_final_ml.runs/synth_1/.Xil/Vivado-34144-SirJason/realtime/mb_usb_ilmb_v10_0_stub.v:5]
INFO: [Synth 8-6155] done synthesizing module 'mb_usb_ilmb_v10_0' (0#1) [C:/Users/vorte/ECE385/fpga_final_project/lab_final_ml/lab_final_ml.runs/synth_1/.Xil/Vivado-34144-SirJason/realtime/mb_usb_ilmb_v10_0_stub.v:5]
WARNING: [Synth 8-7071] port 'LMB_Rst' of module 'mb_usb_ilmb_v10_0' is unconnected for instance 'ilmb_v10' [c:/Users/vorte/ECE385/fpga_final_project/lab_final_ml/lab_final_ml.gen/sources_1/bd/mb_usb/synth/mb_usb.v:2929]
WARNING: [Synth 8-7023] instance 'ilmb_v10' of module 'mb_usb_ilmb_v10_0' has 25 connections declared, but only 24 given [c:/Users/vorte/ECE385/fpga_final_project/lab_final_ml/lab_final_ml.gen/sources_1/bd/mb_usb/synth/mb_usb.v:2929]
INFO: [Synth 8-6157] synthesizing module 'mb_usb_lmb_bram_0' [C:/Users/vorte/ECE385/fpga_final_project/lab_final_ml/lab_final_ml.runs/synth_1/.Xil/Vivado-34144-SirJason/realtime/mb_usb_lmb_bram_0_stub.v:5]
INFO: [Synth 8-6155] done synthesizing module 'mb_usb_lmb_bram_0' (0#1) [C:/Users/vorte/ECE385/fpga_final_project/lab_final_ml/lab_final_ml.runs/synth_1/.Xil/Vivado-34144-SirJason/realtime/mb_usb_lmb_bram_0_stub.v:5]
WARNING: [Synth 8-7071] port 'rsta_busy' of module 'mb_usb_lmb_bram_0' is unconnected for instance 'lmb_bram' [c:/Users/vorte/ECE385/fpga_final_project/lab_final_ml/lab_final_ml.gen/sources_1/bd/mb_usb/synth/mb_usb.v:2954]
WARNING: [Synth 8-7071] port 'rstb_busy' of module 'mb_usb_lmb_bram_0' is unconnected for instance 'lmb_bram' [c:/Users/vorte/ECE385/fpga_final_project/lab_final_ml/lab_final_ml.gen/sources_1/bd/mb_usb/synth/mb_usb.v:2954]
WARNING: [Synth 8-7023] instance 'lmb_bram' of module 'mb_usb_lmb_bram_0' has 16 connections declared, but only 14 given [c:/Users/vorte/ECE385/fpga_final_project/lab_final_ml/lab_final_ml.gen/sources_1/bd/mb_usb/synth/mb_usb.v:2954]
INFO: [Synth 8-6155] done synthesizing module 'microblaze_0_local_memory_imp_4XV58R' (0#1) [c:/Users/vorte/ECE385/fpga_final_project/lab_final_ml/lab_final_ml.gen/sources_1/bd/mb_usb/synth/mb_usb.v:2737]
INFO: [Synth 8-6157] synthesizing module 'mb_usb_rst_clk_wiz_1_100M_0' [C:/Users/vorte/ECE385/fpga_final_project/lab_final_ml/lab_final_ml.runs/synth_1/.Xil/Vivado-34144-SirJason/realtime/mb_usb_rst_clk_wiz_1_100M_0_stub.v:5]
INFO: [Synth 8-6155] done synthesizing module 'mb_usb_rst_clk_wiz_1_100M_0' (0#1) [C:/Users/vorte/ECE385/fpga_final_project/lab_final_ml/lab_final_ml.runs/synth_1/.Xil/Vivado-34144-SirJason/realtime/mb_usb_rst_clk_wiz_1_100M_0_stub.v:5]
WARNING: [Synth 8-7071] port 'peripheral_reset' of module 'mb_usb_rst_clk_wiz_1_100M_0' is unconnected for instance 'rst_clk_wiz_1_100M' [c:/Users/vorte/ECE385/fpga_final_project/lab_final_ml/lab_final_ml.gen/sources_1/bd/mb_usb/synth/mb_usb.v:1573]
WARNING: [Synth 8-7071] port 'interconnect_aresetn' of module 'mb_usb_rst_clk_wiz_1_100M_0' is unconnected for instance 'rst_clk_wiz_1_100M' [c:/Users/vorte/ECE385/fpga_final_project/lab_final_ml/lab_final_ml.gen/sources_1/bd/mb_usb/synth/mb_usb.v:1573]
WARNING: [Synth 8-7023] instance 'rst_clk_wiz_1_100M' of module 'mb_usb_rst_clk_wiz_1_100M_0' has 10 connections declared, but only 8 given [c:/Users/vorte/ECE385/fpga_final_project/lab_final_ml/lab_final_ml.gen/sources_1/bd/mb_usb/synth/mb_usb.v:1573]
INFO: [Synth 8-6157] synthesizing module 'mb_usb_spi_usb_0' [C:/Users/vorte/ECE385/fpga_final_project/lab_final_ml/lab_final_ml.runs/synth_1/.Xil/Vivado-34144-SirJason/realtime/mb_usb_spi_usb_0_stub.v:5]
INFO: [Synth 8-6155] done synthesizing module 'mb_usb_spi_usb_0' (0#1) [C:/Users/vorte/ECE385/fpga_final_project/lab_final_ml/lab_final_ml.runs/synth_1/.Xil/Vivado-34144-SirJason/realtime/mb_usb_spi_usb_0_stub.v:5]
INFO: [Synth 8-6157] synthesizing module 'mb_usb_timer_usb_axi_0' [C:/Users/vorte/ECE385/fpga_final_project/lab_final_ml/lab_final_ml.runs/synth_1/.Xil/Vivado-34144-SirJason/realtime/mb_usb_timer_usb_axi_0_stub.v:5]
INFO: [Synth 8-6155] done synthesizing module 'mb_usb_timer_usb_axi_0' (0#1) [C:/Users/vorte/ECE385/fpga_final_project/lab_final_ml/lab_final_ml.runs/synth_1/.Xil/Vivado-34144-SirJason/realtime/mb_usb_timer_usb_axi_0_stub.v:5]
WARNING: [Synth 8-7071] port 'generateout0' of module 'mb_usb_timer_usb_axi_0' is unconnected for instance 'timer_usb_axi' [c:/Users/vorte/ECE385/fpga_final_project/lab_final_ml/lab_final_ml.gen/sources_1/bd/mb_usb/synth/mb_usb.v:1616]
WARNING: [Synth 8-7071] port 'generateout1' of module 'mb_usb_timer_usb_axi_0' is unconnected for instance 'timer_usb_axi' [c:/Users/vorte/ECE385/fpga_final_project/lab_final_ml/lab_final_ml.gen/sources_1/bd/mb_usb/synth/mb_usb.v:1616]
WARNING: [Synth 8-7071] port 'pwm0' of module 'mb_usb_timer_usb_axi_0' is unconnected for instance 'timer_usb_axi' [c:/Users/vorte/ECE385/fpga_final_project/lab_final_ml/lab_final_ml.gen/sources_1/bd/mb_usb/synth/mb_usb.v:1616]
WARNING: [Synth 8-7023] instance 'timer_usb_axi' of module 'mb_usb_timer_usb_axi_0' has 26 connections declared, but only 23 given [c:/Users/vorte/ECE385/fpga_final_project/lab_final_ml/lab_final_ml.gen/sources_1/bd/mb_usb/synth/mb_usb.v:1616]
WARNING: [Synth 8-4446] all outputs are unconnected for this instance and logic may be removed [c:/Users/vorte/ECE385/fpga_final_project/lab_final_ml/lab_final_ml.gen/sources_1/bd/mb_usb/synth/mb_usb.v:1640]
INFO: [Synth 8-6157] synthesizing module 'mb_usb_xlconcat_0_0' [c:/Users/vorte/ECE385/fpga_final_project/lab_final_ml/lab_final_ml.gen/sources_1/bd/mb_usb/ip/mb_usb_xlconcat_0_0/synth/mb_usb_xlconcat_0_0.v:53]
INFO: [Synth 8-6157] synthesizing module 'xlconcat_v2_1_4_xlconcat' [c:/Users/vorte/ECE385/fpga_final_project/lab_final_ml/lab_final_ml.gen/sources_1/bd/mb_usb/ipshared/4b67/hdl/xlconcat_v2_1_vl_rfs.v:14]
INFO: [Synth 8-6155] done synthesizing module 'xlconcat_v2_1_4_xlconcat' (0#1) [c:/Users/vorte/ECE385/fpga_final_project/lab_final_ml/lab_final_ml.gen/sources_1/bd/mb_usb/ipshared/4b67/hdl/xlconcat_v2_1_vl_rfs.v:14]
INFO: [Synth 8-6155] done synthesizing module 'mb_usb_xlconcat_0_0' (0#1) [c:/Users/vorte/ECE385/fpga_final_project/lab_final_ml/lab_final_ml.gen/sources_1/bd/mb_usb/ip/mb_usb_xlconcat_0_0/synth/mb_usb_xlconcat_0_0.v:53]
WARNING: [Synth 8-7071] port 'dout' of module 'mb_usb_xlconcat_0_0' is unconnected for instance 'xlconcat_0' [c:/Users/vorte/ECE385/fpga_final_project/lab_final_ml/lab_final_ml.gen/sources_1/bd/mb_usb/synth/mb_usb.v:1640]
WARNING: [Synth 8-7023] instance 'xlconcat_0' of module 'mb_usb_xlconcat_0_0' has 5 connections declared, but only 4 given [c:/Users/vorte/ECE385/fpga_final_project/lab_final_ml/lab_final_ml.gen/sources_1/bd/mb_usb/synth/mb_usb.v:1640]
INFO: [Synth 8-6155] done synthesizing module 'mb_usb' (0#1) [c:/Users/vorte/ECE385/fpga_final_project/lab_final_ml/lab_final_ml.gen/sources_1/bd/mb_usb/synth/mb_usb.v:936]
WARNING: [Synth 8-7071] port 'gpio_usb_keycode_1_tri_i' of module 'mb_usb' is unconnected for instance 'mb_block_i' [C:/Users/vorte/ECE385/fpga_final_project/lab_final_ml/lab_final_ml.srcs/sources_1/imports/src/digit_recognizer_top.sv:50]
WARNING: [Synth 8-7071] port 'gpio_usb_keycode_1_tri_t' of module 'mb_usb' is unconnected for instance 'mb_block_i' [C:/Users/vorte/ECE385/fpga_final_project/lab_final_ml/lab_final_ml.srcs/sources_1/imports/src/digit_recognizer_top.sv:50]
WARNING: [Synth 8-7071] port 'spi_rtl_0_io0_i' of module 'mb_usb' is unconnected for instance 'mb_block_i' [C:/Users/vorte/ECE385/fpga_final_project/lab_final_ml/lab_final_ml.srcs/sources_1/imports/src/digit_recognizer_top.sv:50]
WARNING: [Synth 8-7071] port 'spi_rtl_0_io0_t' of module 'mb_usb' is unconnected for instance 'mb_block_i' [C:/Users/vorte/ECE385/fpga_final_project/lab_final_ml/lab_final_ml.srcs/sources_1/imports/src/digit_recognizer_top.sv:50]
WARNING: [Synth 8-7071] port 'spi_rtl_0_io1_o' of module 'mb_usb' is unconnected for instance 'mb_block_i' [C:/Users/vorte/ECE385/fpga_final_project/lab_final_ml/lab_final_ml.srcs/sources_1/imports/src/digit_recognizer_top.sv:50]
WARNING: [Synth 8-7071] port 'spi_rtl_0_io1_t' of module 'mb_usb' is unconnected for instance 'mb_block_i' [C:/Users/vorte/ECE385/fpga_final_project/lab_final_ml/lab_final_ml.srcs/sources_1/imports/src/digit_recognizer_top.sv:50]
WARNING: [Synth 8-7071] port 'spi_rtl_0_sck_i' of module 'mb_usb' is unconnected for instance 'mb_block_i' [C:/Users/vorte/ECE385/fpga_final_project/lab_final_ml/lab_final_ml.srcs/sources_1/imports/src/digit_recognizer_top.sv:50]
WARNING: [Synth 8-7071] port 'spi_rtl_0_sck_t' of module 'mb_usb' is unconnected for instance 'mb_block_i' [C:/Users/vorte/ECE385/fpga_final_project/lab_final_ml/lab_final_ml.srcs/sources_1/imports/src/digit_recognizer_top.sv:50]
WARNING: [Synth 8-7071] port 'spi_rtl_0_ss_i' of module 'mb_usb' is unconnected for instance 'mb_block_i' [C:/Users/vorte/ECE385/fpga_final_project/lab_final_ml/lab_final_ml.srcs/sources_1/imports/src/digit_recognizer_top.sv:50]
WARNING: [Synth 8-7071] port 'spi_rtl_0_ss_t' of module 'mb_usb' is unconnected for instance 'mb_block_i' [C:/Users/vorte/ECE385/fpga_final_project/lab_final_ml/lab_final_ml.srcs/sources_1/imports/src/digit_recognizer_top.sv:50]
WARNING: [Synth 8-7023] instance 'mb_block_i' of module 'mb_usb' has 22 connections declared, but only 12 given [C:/Users/vorte/ECE385/fpga_final_project/lab_final_ml/lab_final_ml.srcs/sources_1/imports/src/digit_recognizer_top.sv:50]
INFO: [Synth 8-6157] synthesizing module 'clk_wiz_0' [C:/Users/vorte/ECE385/fpga_final_project/lab_final_ml/lab_final_ml.runs/synth_1/.Xil/Vivado-34144-SirJason/realtime/clk_wiz_0_stub.v:5]
INFO: [Synth 8-6155] done synthesizing module 'clk_wiz_0' (0#1) [C:/Users/vorte/ECE385/fpga_final_project/lab_final_ml/lab_final_ml.runs/synth_1/.Xil/Vivado-34144-SirJason/realtime/clk_wiz_0_stub.v:5]
INFO: [Synth 8-6157] synthesizing module 'vga_timing' [C:/Users/vorte/ECE385/fpga_final_project/lab_final_ml/lab_final_ml.srcs/sources_1/imports/src/vga_timing.sv:7]
INFO: [Synth 8-6155] done synthesizing module 'vga_timing' (0#1) [C:/Users/vorte/ECE385/fpga_final_project/lab_final_ml/lab_final_ml.srcs/sources_1/imports/src/vga_timing.sv:7]
INFO: [Synth 8-6157] synthesizing module 'frame_buffer_dual' [C:/Users/vorte/ECE385/fpga_final_project/lab_final_ml/lab_final_ml.srcs/sources_1/imports/src/frame_buffer_dual.sv:6]
	Parameter WIDTH bound to: 280 - type: integer 
	Parameter HEIGHT bound to: 280 - type: integer 
WARNING: [Synth 8-6896] loop limit (65536) exceeded inside initial block, initial block items will be ignored [C:/Users/vorte/ECE385/fpga_final_project/lab_final_ml/lab_final_ml.srcs/sources_1/imports/src/frame_buffer_dual.sv:69]
INFO: [Synth 8-6155] done synthesizing module 'frame_buffer_dual' (0#1) [C:/Users/vorte/ECE385/fpga_final_project/lab_final_ml/lab_final_ml.srcs/sources_1/imports/src/frame_buffer_dual.sv:6]
INFO: [Synth 8-6157] synthesizing module 'drawing_engine_cursor' [C:/Users/vorte/ECE385/fpga_final_project/lab_final_ml/lab_final_ml.srcs/sources_1/imports/src/drawing_engine_cursor.sv:7]
	Parameter CANVAS_X bound to: 40 - type: integer 
	Parameter CANVAS_Y bound to: 100 - type: integer 
	Parameter CANVAS_W bound to: 280 - type: integer 
	Parameter CANVAS_H bound to: 280 - type: integer 
	Parameter BRUSH_SIZE bound to: 10 - type: integer 
INFO: [Synth 8-155] case statement is not full and has no default [C:/Users/vorte/ECE385/fpga_final_project/lab_final_ml/lab_final_ml.srcs/sources_1/imports/src/drawing_engine_cursor.sv:92]
INFO: [Synth 8-155] case statement is not full and has no default [C:/Users/vorte/ECE385/fpga_final_project/lab_final_ml/lab_final_ml.srcs/sources_1/imports/src/drawing_engine_cursor.sv:124]
INFO: [Synth 8-155] case statement is not full and has no default [C:/Users/vorte/ECE385/fpga_final_project/lab_final_ml/lab_final_ml.srcs/sources_1/imports/src/drawing_engine_cursor.sv:169]
INFO: [Synth 8-6155] done synthesizing module 'drawing_engine_cursor' (0#1) [C:/Users/vorte/ECE385/fpga_final_project/lab_final_ml/lab_final_ml.srcs/sources_1/imports/src/drawing_engine_cursor.sv:7]
INFO: [Synth 8-155] case statement is not full and has no default [C:/Users/vorte/ECE385/fpga_final_project/lab_final_ml/lab_final_ml.srcs/sources_1/imports/src/digit_recognizer_top.sv:287]
INFO: [Synth 8-6157] synthesizing module 'image_downsampler' [C:/Users/vorte/ECE385/fpga_final_project/lab_final_ml/lab_final_ml.srcs/sources_1/imports/src/image_downsampler.sv:7]
	Parameter CANVAS_W bound to: 280 - type: integer 
	Parameter CANVAS_H bound to: 280 - type: integer 
	Parameter OUTPUT_W bound to: 28 - type: integer 
	Parameter OUTPUT_H bound to: 28 - type: integer 
INFO: [Synth 8-155] case statement is not full and has no default [C:/Users/vorte/ECE385/fpga_final_project/lab_final_ml/lab_final_ml.srcs/sources_1/imports/src/image_downsampler.sv:68]
INFO: [Synth 8-155] case statement is not full and has no default [C:/Users/vorte/ECE385/fpga_final_project/lab_final_ml/lab_final_ml.srcs/sources_1/imports/src/image_downsampler.sv:132]
INFO: [Synth 8-6155] done synthesizing module 'image_downsampler' (0#1) [C:/Users/vorte/ECE385/fpga_final_project/lab_final_ml/lab_final_ml.srcs/sources_1/imports/src/image_downsampler.sv:7]
INFO: [Synth 8-6157] synthesizing module 'nn_inference_simple' [C:/Users/vorte/ECE385/fpga_final_project/lab_final_ml/lab_final_ml.srcs/sources_1/imports/src/nn_inference_simple.sv:6]
	Parameter DATA_WIDTH bound to: 16 - type: integer 
	Parameter ACC_WIDTH bound to: 48 - type: integer 
INFO: [Synth 8-3876] $readmem data file 'C:/Users/vorte/ECE385/fpga_final_project/lab_final_ml/weights/weights_layer0.hex' is read successfully [C:/Users/vorte/ECE385/fpga_final_project/lab_final_ml/lab_final_ml.srcs/sources_1/imports/src/nn_inference_simple.sv:41]
INFO: [Synth 8-3876] $readmem data file 'C:/Users/vorte/ECE385/fpga_final_project/lab_final_ml/weights/biases_layer0.hex' is read successfully [C:/Users/vorte/ECE385/fpga_final_project/lab_final_ml/lab_final_ml.srcs/sources_1/imports/src/nn_inference_simple.sv:42]
INFO: [Synth 8-3876] $readmem data file 'C:/Users/vorte/ECE385/fpga_final_project/lab_final_ml/weights/weights_layer1.hex' is read successfully [C:/Users/vorte/ECE385/fpga_final_project/lab_final_ml/lab_final_ml.srcs/sources_1/imports/src/nn_inference_simple.sv:43]
INFO: [Synth 8-3876] $readmem data file 'C:/Users/vorte/ECE385/fpga_final_project/lab_final_ml/weights/biases_layer1.hex' is read successfully [C:/Users/vorte/ECE385/fpga_final_project/lab_final_ml/lab_final_ml.srcs/sources_1/imports/src/nn_inference_simple.sv:44]
INFO: [Synth 8-6155] done synthesizing module 'nn_inference_simple' (0#1) [C:/Users/vorte/ECE385/fpga_final_project/lab_final_ml/lab_final_ml.srcs/sources_1/imports/src/nn_inference_simple.sv:6]
WARNING: [Synth 8-689] width (16) of port connection 'confidence' does not match port width (32) of module 'nn_inference_simple' [C:/Users/vorte/ECE385/fpga_final_project/lab_final_ml/lab_final_ml.srcs/sources_1/imports/src/digit_recognizer_top.sv:350]
INFO: [Synth 8-6157] synthesizing module 'digit_display' [C:/Users/vorte/ECE385/fpga_final_project/lab_final_ml/lab_final_ml.srcs/sources_1/imports/src/digit_display.sv:7]
INFO: [Synth 8-6155] done synthesizing module 'digit_display' (0#1) [C:/Users/vorte/ECE385/fpga_final_project/lab_final_ml/lab_final_ml.srcs/sources_1/imports/src/digit_display.sv:7]
INFO: [Synth 8-6157] synthesizing module 'hdmi_tx_0' [C:/Users/vorte/ECE385/fpga_final_project/lab_final_ml/lab_final_ml.runs/synth_1/.Xil/Vivado-34144-SirJason/realtime/hdmi_tx_0_stub.v:5]
INFO: [Synth 8-6155] done synthesizing module 'hdmi_tx_0' (0#1) [C:/Users/vorte/ECE385/fpga_final_project/lab_final_ml/lab_final_ml.runs/synth_1/.Xil/Vivado-34144-SirJason/realtime/hdmi_tx_0_stub.v:5]
INFO: [Synth 8-6157] synthesizing module 'hex_driver' [C:/Users/vorte/ECE385/fpga_final_project/lab_final_ml/lab_final_ml.srcs/sources_1/imports/design_source/hex_driver.sv:1]
INFO: [Synth 8-6157] synthesizing module 'nibble_to_hex' [C:/Users/vorte/ECE385/fpga_final_project/lab_final_ml/lab_final_ml.srcs/sources_1/imports/design_source/hex_driver.sv:11]
INFO: [Synth 8-6155] done synthesizing module 'nibble_to_hex' (0#1) [C:/Users/vorte/ECE385/fpga_final_project/lab_final_ml/lab_final_ml.srcs/sources_1/imports/design_source/hex_driver.sv:11]
INFO: [Synth 8-6157] synthesizing module 'nibble_to_hex' [C:/Users/vorte/ECE385/fpga_final_project/lab_final_ml/lab_final_ml.srcs/sources_1/imports/design_source/hex_driver.sv:11]
INFO: [Synth 8-6155] done synthesizing module 'nibble_to_hex' (0#1) [C:/Users/vorte/ECE385/fpga_final_project/lab_final_ml/lab_final_ml.srcs/sources_1/imports/design_source/hex_driver.sv:11]
INFO: [Synth 8-6157] synthesizing module 'nibble_to_hex' [C:/Users/vorte/ECE385/fpga_final_project/lab_final_ml/lab_final_ml.srcs/sources_1/imports/design_source/hex_driver.sv:11]
INFO: [Synth 8-6155] done synthesizing module 'nibble_to_hex' (0#1) [C:/Users/vorte/ECE385/fpga_final_project/lab_final_ml/lab_final_ml.srcs/sources_1/imports/design_source/hex_driver.sv:11]
INFO: [Synth 8-6157] synthesizing module 'nibble_to_hex' [C:/Users/vorte/ECE385/fpga_final_project/lab_final_ml/lab_final_ml.srcs/sources_1/imports/design_source/hex_driver.sv:11]
INFO: [Synth 8-6155] done synthesizing module 'nibble_to_hex' (0#1) [C:/Users/vorte/ECE385/fpga_final_project/lab_final_ml/lab_final_ml.srcs/sources_1/imports/design_source/hex_driver.sv:11]
INFO: [Synth 8-6155] done synthesizing module 'hex_driver' (0#1) [C:/Users/vorte/ECE385/fpga_final_project/lab_final_ml/lab_final_ml.srcs/sources_1/imports/design_source/hex_driver.sv:1]
INFO: [Synth 8-6155] done synthesizing module 'digit_recognizer_top' (0#1) [C:/Users/vorte/ECE385/fpga_final_project/lab_final_ml/lab_final_ml.srcs/sources_1/imports/src/digit_recognizer_top.sv:12]
WARNING: [Synth 8-7137] Register hidden_mem_reg in module nn_inference_simple has both Set and reset with same priority. This may cause simulation mismatches. Consider rewriting code 
WARNING: [Synth 8-7137] Register output_mem_reg in module nn_inference_simple has both Set and reset with same priority. This may cause simulation mismatches. Consider rewriting code 
WARNING: [Synth 8-4767] Trying to implement RAM 'hidden_mem_reg' in registers. Block RAM or DRAM implementation is not possible; see log for reasons.
Reason is one or more of the following :
	1: RAM is sensitive to asynchronous reset signal. this RTL style is not supported. 
RAM "hidden_mem_reg" dissolved into registers
WARNING: [Synth 8-4767] Trying to implement RAM 'output_mem_reg' in registers. Block RAM or DRAM implementation is not possible; see log for reasons.
Reason is one or more of the following :
	1: RAM is sensitive to asynchronous reset signal. this RTL style is not supported. 
RAM "output_mem_reg" dissolved into registers
WARNING: [Synth 8-7129] Port In4[0] in module xlconcat_v2_1_4_xlconcat is either unconnected or has no load
WARNING: [Synth 8-7129] Port In5[0] in module xlconcat_v2_1_4_xlconcat is either unconnected or has no load
WARNING: [Synth 8-7129] Port In6[0] in module xlconcat_v2_1_4_xlconcat is either unconnected or has no load
WARNING: [Synth 8-7129] Port In7[0] in module xlconcat_v2_1_4_xlconcat is either unconnected or has no load
WARNING: [Synth 8-7129] Port In8[0] in module xlconcat_v2_1_4_xlconcat is either unconnected or has no load
WARNING: [Synth 8-7129] Port In9[0] in module xlconcat_v2_1_4_xlconcat is either unconnected or has no load
WARNING: [Synth 8-7129] Port In10[0] in module xlconcat_v2_1_4_xlconcat is either unconnected or has no load
WARNING: [Synth 8-7129] Port In11[0] in module xlconcat_v2_1_4_xlconcat is either unconnected or has no load
WARNING: [Synth 8-7129] Port In12[0] in module xlconcat_v2_1_4_xlconcat is either unconnected or has no load
WARNING: [Synth 8-7129] Port In13[0] in module xlconcat_v2_1_4_xlconcat is either unconnected or has no load
WARNING: [Synth 8-7129] Port In14[0] in module xlconcat_v2_1_4_xlconcat is either unconnected or has no load
WARNING: [Synth 8-7129] Port In15[0] in module xlconcat_v2_1_4_xlconcat is either unconnected or has no load
WARNING: [Synth 8-7129] Port In16[0] in module xlconcat_v2_1_4_xlconcat is either unconnected or has no load
WARNING: [Synth 8-7129] Port In17[0] in module xlconcat_v2_1_4_xlconcat is either unconnected or has no load
WARNING: [Synth 8-7129] Port In18[0] in module xlconcat_v2_1_4_xlconcat is either unconnected or has no load
WARNING: [Synth 8-7129] Port In19[0] in module xlconcat_v2_1_4_xlconcat is either unconnected or has no load
WARNING: [Synth 8-7129] Port In20[0] in module xlconcat_v2_1_4_xlconcat is either unconnected or has no load
WARNING: [Synth 8-7129] Port In21[0] in module xlconcat_v2_1_4_xlconcat is either unconnected or has no load
WARNING: [Synth 8-7129] Port In22[0] in module xlconcat_v2_1_4_xlconcat is either unconnected or has no load
WARNING: [Synth 8-7129] Port In23[0] in module xlconcat_v2_1_4_xlconcat is either unconnected or has no load
WARNING: [Synth 8-7129] Port In24[0] in module xlconcat_v2_1_4_xlconcat is either unconnected or has no load
WARNING: [Synth 8-7129] Port In25[0] in module xlconcat_v2_1_4_xlconcat is either unconnected or has no load
WARNING: [Synth 8-7129] Port In26[0] in module xlconcat_v2_1_4_xlconcat is either unconnected or has no load
WARNING: [Synth 8-7129] Port In27[0] in module xlconcat_v2_1_4_xlconcat is either unconnected or has no load
WARNING: [Synth 8-7129] Port In28[0] in module xlconcat_v2_1_4_xlconcat is either unconnected or has no load
WARNING: [Synth 8-7129] Port In29[0] in module xlconcat_v2_1_4_xlconcat is either unconnected or has no load
WARNING: [Synth 8-7129] Port In30[0] in module xlconcat_v2_1_4_xlconcat is either unconnected or has no load
WARNING: [Synth 8-7129] Port In31[0] in module xlconcat_v2_1_4_xlconcat is either unconnected or has no load
WARNING: [Synth 8-7129] Port In32[0] in module xlconcat_v2_1_4_xlconcat is either unconnected or has no load
WARNING: [Synth 8-7129] Port In33[0] in module xlconcat_v2_1_4_xlconcat is either unconnected or has no load
WARNING: [Synth 8-7129] Port In34[0] in module xlconcat_v2_1_4_xlconcat is either unconnected or has no load
WARNING: [Synth 8-7129] Port In35[0] in module xlconcat_v2_1_4_xlconcat is either unconnected or has no load
WARNING: [Synth 8-7129] Port In36[0] in module xlconcat_v2_1_4_xlconcat is either unconnected or has no load
WARNING: [Synth 8-7129] Port In37[0] in module xlconcat_v2_1_4_xlconcat is either unconnected or has no load
WARNING: [Synth 8-7129] Port In38[0] in module xlconcat_v2_1_4_xlconcat is either unconnected or has no load
WARNING: [Synth 8-7129] Port In39[0] in module xlconcat_v2_1_4_xlconcat is either unconnected or has no load
WARNING: [Synth 8-7129] Port In40[0] in module xlconcat_v2_1_4_xlconcat is either unconnected or has no load
WARNING: [Synth 8-7129] Port In41[0] in module xlconcat_v2_1_4_xlconcat is either unconnected or has no load
WARNING: [Synth 8-7129] Port In42[0] in module xlconcat_v2_1_4_xlconcat is either unconnected or has no load
WARNING: [Synth 8-7129] Port In43[0] in module xlconcat_v2_1_4_xlconcat is either unconnected or has no load
WARNING: [Synth 8-7129] Port In44[0] in module xlconcat_v2_1_4_xlconcat is either unconnected or has no load
WARNING: [Synth 8-7129] Port In45[0] in module xlconcat_v2_1_4_xlconcat is either unconnected or has no load
WARNING: [Synth 8-7129] Port In46[0] in module xlconcat_v2_1_4_xlconcat is either unconnected or has no load
WARNING: [Synth 8-7129] Port In47[0] in module xlconcat_v2_1_4_xlconcat is either unconnected or has no load
WARNING: [Synth 8-7129] Port In48[0] in module xlconcat_v2_1_4_xlconcat is either unconnected or has no load
WARNING: [Synth 8-7129] Port In49[0] in module xlconcat_v2_1_4_xlconcat is either unconnected or has no load
WARNING: [Synth 8-7129] Port In50[0] in module xlconcat_v2_1_4_xlconcat is either unconnected or has no load
WARNING: [Synth 8-7129] Port In51[0] in module xlconcat_v2_1_4_xlconcat is either unconnected or has no load
WARNING: [Synth 8-7129] Port In52[0] in module xlconcat_v2_1_4_xlconcat is either unconnected or has no load
WARNING: [Synth 8-7129] Port In53[0] in module xlconcat_v2_1_4_xlconcat is either unconnected or has no load
WARNING: [Synth 8-7129] Port In54[0] in module xlconcat_v2_1_4_xlconcat is either unconnected or has no load
WARNING: [Synth 8-7129] Port In55[0] in module xlconcat_v2_1_4_xlconcat is either unconnected or has no load
WARNING: [Synth 8-7129] Port In56[0] in module xlconcat_v2_1_4_xlconcat is either unconnected or has no load
WARNING: [Synth 8-7129] Port In57[0] in module xlconcat_v2_1_4_xlconcat is either unconnected or has no load
WARNING: [Synth 8-7129] Port In58[0] in module xlconcat_v2_1_4_xlconcat is either unconnected or has no load
WARNING: [Synth 8-7129] Port In59[0] in module xlconcat_v2_1_4_xlconcat is either unconnected or has no load
WARNING: [Synth 8-7129] Port In60[0] in module xlconcat_v2_1_4_xlconcat is either unconnected or has no load
WARNING: [Synth 8-7129] Port In61[0] in module xlconcat_v2_1_4_xlconcat is either unconnected or has no load
WARNING: [Synth 8-7129] Port In62[0] in module xlconcat_v2_1_4_xlconcat is either unconnected or has no load
WARNING: [Synth 8-7129] Port In63[0] in module xlconcat_v2_1_4_xlconcat is either unconnected or has no load
WARNING: [Synth 8-7129] Port In64[0] in module xlconcat_v2_1_4_xlconcat is either unconnected or has no load
WARNING: [Synth 8-7129] Port In65[0] in module xlconcat_v2_1_4_xlconcat is either unconnected or has no load
WARNING: [Synth 8-7129] Port In66[0] in module xlconcat_v2_1_4_xlconcat is either unconnected or has no load
WARNING: [Synth 8-7129] Port In67[0] in module xlconcat_v2_1_4_xlconcat is either unconnected or has no load
WARNING: [Synth 8-7129] Port In68[0] in module xlconcat_v2_1_4_xlconcat is either unconnected or has no load
WARNING: [Synth 8-7129] Port In69[0] in module xlconcat_v2_1_4_xlconcat is either unconnected or has no load
WARNING: [Synth 8-7129] Port In70[0] in module xlconcat_v2_1_4_xlconcat is either unconnected or has no load
WARNING: [Synth 8-7129] Port In71[0] in module xlconcat_v2_1_4_xlconcat is either unconnected or has no load
WARNING: [Synth 8-7129] Port In72[0] in module xlconcat_v2_1_4_xlconcat is either unconnected or has no load
WARNING: [Synth 8-7129] Port In73[0] in module xlconcat_v2_1_4_xlconcat is either unconnected or has no load
WARNING: [Synth 8-7129] Port In74[0] in module xlconcat_v2_1_4_xlconcat is either unconnected or has no load
WARNING: [Synth 8-7129] Port In75[0] in module xlconcat_v2_1_4_xlconcat is either unconnected or has no load
WARNING: [Synth 8-7129] Port In76[0] in module xlconcat_v2_1_4_xlconcat is either unconnected or has no load
WARNING: [Synth 8-7129] Port In77[0] in module xlconcat_v2_1_4_xlconcat is either unconnected or has no load
WARNING: [Synth 8-7129] Port In78[0] in module xlconcat_v2_1_4_xlconcat is either unconnected or has no load
WARNING: [Synth 8-7129] Port In79[0] in module xlconcat_v2_1_4_xlconcat is either unconnected or has no load
WARNING: [Synth 8-7129] Port In80[0] in module xlconcat_v2_1_4_xlconcat is either unconnected or has no load
WARNING: [Synth 8-7129] Port In81[0] in module xlconcat_v2_1_4_xlconcat is either unconnected or has no load
WARNING: [Synth 8-7129] Port In82[0] in module xlconcat_v2_1_4_xlconcat is either unconnected or has no load
WARNING: [Synth 8-7129] Port In83[0] in module xlconcat_v2_1_4_xlconcat is either unconnected or has no load
WARNING: [Synth 8-7129] Port In84[0] in module xlconcat_v2_1_4_xlconcat is either unconnected or has no load
WARNING: [Synth 8-7129] Port In85[0] in module xlconcat_v2_1_4_xlconcat is either unconnected or has no load
WARNING: [Synth 8-7129] Port In86[0] in module xlconcat_v2_1_4_xlconcat is either unconnected or has no load
WARNING: [Synth 8-7129] Port In87[0] in module xlconcat_v2_1_4_xlconcat is either unconnected or has no load
WARNING: [Synth 8-7129] Port In88[0] in module xlconcat_v2_1_4_xlconcat is either unconnected or has no load
WARNING: [Synth 8-7129] Port In89[0] in module xlconcat_v2_1_4_xlconcat is either unconnected or has no load
WARNING: [Synth 8-7129] Port In90[0] in module xlconcat_v2_1_4_xlconcat is either unconnected or has no load
WARNING: [Synth 8-7129] Port In91[0] in module xlconcat_v2_1_4_xlconcat is either unconnected or has no load
WARNING: [Synth 8-7129] Port In92[0] in module xlconcat_v2_1_4_xlconcat is either unconnected or has no load
WARNING: [Synth 8-7129] Port In93[0] in module xlconcat_v2_1_4_xlconcat is either unconnected or has no load
WARNING: [Synth 8-7129] Port In94[0] in module xlconcat_v2_1_4_xlconcat is either unconnected or has no load
WARNING: [Synth 8-7129] Port In95[0] in module xlconcat_v2_1_4_xlconcat is either unconnected or has no load
WARNING: [Synth 8-7129] Port In96[0] in module xlconcat_v2_1_4_xlconcat is either unconnected or has no load
WARNING: [Synth 8-7129] Port In97[0] in module xlconcat_v2_1_4_xlconcat is either unconnected or has no load
WARNING: [Synth 8-7129] Port In98[0] in module xlconcat_v2_1_4_xlconcat is either unconnected or has no load
WARNING: [Synth 8-7129] Port In99[0] in module xlconcat_v2_1_4_xlconcat is either unconnected or has no load
WARNING: [Synth 8-7129] Port In100[0] in module xlconcat_v2_1_4_xlconcat is either unconnected or has no load
WARNING: [Synth 8-7129] Port In101[0] in module xlconcat_v2_1_4_xlconcat is either unconnected or has no load
WARNING: [Synth 8-7129] Port In102[0] in module xlconcat_v2_1_4_xlconcat is either unconnected or has no load
WARNING: [Synth 8-7129] Port In103[0] in module xlconcat_v2_1_4_xlconcat is either unconnected or has no load
INFO: [Common 17-14] Message 'Synth 8-7129' appears 100 times and further instances of the messages will be disabled. Use the Tcl command set_msg_config to change the current settings.
---------------------------------------------------------------------------------
Finished RTL Elaboration : Time (s): cpu = 00:00:07 ; elapsed = 00:00:09 . Memory (MB): peak = 2084.496 ; gain = 644.750
---------------------------------------------------------------------------------
---------------------------------------------------------------------------------
Start Handling Custom Attributes
---------------------------------------------------------------------------------
---------------------------------------------------------------------------------
Finished Handling Custom Attributes : Time (s): cpu = 00:00:07 ; elapsed = 00:00:09 . Memory (MB): peak = 2084.496 ; gain = 644.750
---------------------------------------------------------------------------------
---------------------------------------------------------------------------------
Finished RTL Optimization Phase 1 : Time (s): cpu = 00:00:07 ; elapsed = 00:00:09 . Memory (MB): peak = 2084.496 ; gain = 644.750
---------------------------------------------------------------------------------
Netlist sorting complete. Time (s): cpu = 00:00:00 ; elapsed = 00:00:00.084 . Memory (MB): peak = 2084.496 ; gain = 0.000
INFO: [Project 1-570] Preparing netlist for logic optimization

Processing XDC Constraints
Initializing timing engine
Parsing XDC File [c:/Users/vorte/ECE385/fpga_final_project/lab_final_ml/lab_final_ml.gen/sources_1/bd/mb_usb/ip/mb_usb_axi_uartlite_0_0/mb_usb_axi_uartlite_0_0/mb_usb_axi_uartlite_0_0_in_context.xdc] for cell 'mb_block_i/axi_uartlite_0'
Finished Parsing XDC File [c:/Users/vorte/ECE385/fpga_final_project/lab_final_ml/lab_final_ml.gen/sources_1/bd/mb_usb/ip/mb_usb_axi_uartlite_0_0/mb_usb_axi_uartlite_0_0/mb_usb_axi_uartlite_0_0_in_context.xdc] for cell 'mb_block_i/axi_uartlite_0'
Parsing XDC File [c:/Users/vorte/ECE385/fpga_final_project/lab_final_ml/lab_final_ml.gen/sources_1/bd/mb_usb/ip/mb_usb_clk_wiz_1_0/mb_usb_clk_wiz_1_0/mb_usb_clk_wiz_1_0_in_context.xdc] for cell 'mb_block_i/clk_wiz_1'
Finished Parsing XDC File [c:/Users/vorte/ECE385/fpga_final_project/lab_final_ml/lab_final_ml.gen/sources_1/bd/mb_usb/ip/mb_usb_clk_wiz_1_0/mb_usb_clk_wiz_1_0/mb_usb_clk_wiz_1_0_in_context.xdc] for cell 'mb_block_i/clk_wiz_1'
Parsing XDC File [c:/Users/vorte/ECE385/fpga_final_project/lab_final_ml/lab_final_ml.gen/sources_1/bd/mb_usb/ip/mb_usb_gpio_usb_int_0/mb_usb_gpio_usb_int_0/mb_usb_gpio_usb_int_0_in_context.xdc] for cell 'mb_block_i/gpio_usb_int'
Finished Parsing XDC File [c:/Users/vorte/ECE385/fpga_final_project/lab_final_ml/lab_final_ml.gen/sources_1/bd/mb_usb/ip/mb_usb_gpio_usb_int_0/mb_usb_gpio_usb_int_0/mb_usb_gpio_usb_int_0_in_context.xdc] for cell 'mb_block_i/gpio_usb_int'
Parsing XDC File [c:/Users/vorte/ECE385/fpga_final_project/lab_final_ml/lab_final_ml.gen/sources_1/bd/mb_usb/ip/mb_usb_gpio_usb_keycode_0/mb_usb_gpio_usb_keycode_0/mb_usb_gpio_usb_keycode_0_in_context.xdc] for cell 'mb_block_i/gpio_usb_keycode'
Finished Parsing XDC File [c:/Users/vorte/ECE385/fpga_final_project/lab_final_ml/lab_final_ml.gen/sources_1/bd/mb_usb/ip/mb_usb_gpio_usb_keycode_0/mb_usb_gpio_usb_keycode_0/mb_usb_gpio_usb_keycode_0_in_context.xdc] for cell 'mb_block_i/gpio_usb_keycode'
Parsing XDC File [c:/Users/vorte/ECE385/fpga_final_project/lab_final_ml/lab_final_ml.gen/sources_1/bd/mb_usb/ip/mb_usb_gpio_usb_rst_0/mb_usb_gpio_usb_rst_0/mb_usb_gpio_usb_rst_0_in_context.xdc] for cell 'mb_block_i/gpio_usb_rst'
Finished Parsing XDC File [c:/Users/vorte/ECE385/fpga_final_project/lab_final_ml/lab_final_ml.gen/sources_1/bd/mb_usb/ip/mb_usb_gpio_usb_rst_0/mb_usb_gpio_usb_rst_0/mb_usb_gpio_usb_rst_0_in_context.xdc] for cell 'mb_block_i/gpio_usb_rst'
Parsing XDC File [c:/Users/vorte/ECE385/fpga_final_project/lab_final_ml/lab_final_ml.gen/sources_1/bd/mb_usb/ip/mb_usb_mdm_1_0/mb_usb_mdm_1_0/mb_usb_mdm_1_0_in_context.xdc] for cell 'mb_block_i/mdm_1'
Finished Parsing XDC File [c:/Users/vorte/ECE385/fpga_final_project/lab_final_ml/lab_final_ml.gen/sources_1/bd/mb_usb/ip/mb_usb_mdm_1_0/mb_usb_mdm_1_0/mb_usb_mdm_1_0_in_context.xdc] for cell 'mb_block_i/mdm_1'
Parsing XDC File [c:/Users/vorte/ECE385/fpga_final_project/lab_final_ml/lab_final_ml.gen/sources_1/bd/mb_usb/ip/mb_usb_microblaze_0_0/mb_usb_microblaze_0_0/mb_usb_microblaze_0_0_in_context.xdc] for cell 'mb_block_i/microblaze_0'
Finished Parsing XDC File [c:/Users/vorte/ECE385/fpga_final_project/lab_final_ml/lab_final_ml.gen/sources_1/bd/mb_usb/ip/mb_usb_microblaze_0_0/mb_usb_microblaze_0_0/mb_usb_microblaze_0_0_in_context.xdc] for cell 'mb_block_i/microblaze_0'
Parsing XDC File [c:/Users/vorte/ECE385/fpga_final_project/lab_final_ml/lab_final_ml.gen/sources_1/bd/mb_usb/ip/mb_usb_microblaze_0_axi_intc_0/mb_usb_microblaze_0_axi_intc_0/mb_usb_microblaze_0_axi_intc_0_in_context.xdc] for cell 'mb_block_i/microblaze_0_axi_intc'
Finished Parsing XDC File [c:/Users/vorte/ECE385/fpga_final_project/lab_final_ml/lab_final_ml.gen/sources_1/bd/mb_usb/ip/mb_usb_microblaze_0_axi_intc_0/mb_usb_microblaze_0_axi_intc_0/mb_usb_microblaze_0_axi_intc_0_in_context.xdc] for cell 'mb_block_i/microblaze_0_axi_intc'
Parsing XDC File [c:/Users/vorte/ECE385/fpga_final_project/lab_final_ml/lab_final_ml.gen/sources_1/bd/mb_usb/ip/mb_usb_xbar_0/mb_usb_xbar_0/mb_usb_xbar_0_in_context.xdc] for cell 'mb_block_i/microblaze_0_axi_periph/xbar'
Finished Parsing XDC File [c:/Users/vorte/ECE385/fpga_final_project/lab_final_ml/lab_final_ml.gen/sources_1/bd/mb_usb/ip/mb_usb_xbar_0/mb_usb_xbar_0/mb_usb_xbar_0_in_context.xdc] for cell 'mb_block_i/microblaze_0_axi_periph/xbar'
Parsing XDC File [c:/Users/vorte/ECE385/fpga_final_project/lab_final_ml/lab_final_ml.gen/sources_1/bd/mb_usb/ip/mb_usb_dlmb_v10_0/mb_usb_dlmb_v10_0/mb_usb_dlmb_v10_0_in_context.xdc] for cell 'mb_block_i/microblaze_0_local_memory/dlmb_v10'
Finished Parsing XDC File [c:/Users/vorte/ECE385/fpga_final_project/lab_final_ml/lab_final_ml.gen/sources_1/bd/mb_usb/ip/mb_usb_dlmb_v10_0/mb_usb_dlmb_v10_0/mb_usb_dlmb_v10_0_in_context.xdc] for cell 'mb_block_i/microblaze_0_local_memory/dlmb_v10'
Parsing XDC File [c:/Users/vorte/ECE385/fpga_final_project/lab_final_ml/lab_final_ml.gen/sources_1/bd/mb_usb/ip/mb_usb_ilmb_v10_0/mb_usb_ilmb_v10_0/mb_usb_dlmb_v10_0_in_context.xdc] for cell 'mb_block_i/microblaze_0_local_memory/ilmb_v10'
Finished Parsing XDC File [c:/Users/vorte/ECE385/fpga_final_project/lab_final_ml/lab_final_ml.gen/sources_1/bd/mb_usb/ip/mb_usb_ilmb_v10_0/mb_usb_ilmb_v10_0/mb_usb_dlmb_v10_0_in_context.xdc] for cell 'mb_block_i/microblaze_0_local_memory/ilmb_v10'
Parsing XDC File [c:/Users/vorte/ECE385/fpga_final_project/lab_final_ml/lab_final_ml.gen/sources_1/bd/mb_usb/ip/mb_usb_dlmb_bram_if_cntlr_0/mb_usb_dlmb_bram_if_cntlr_0/mb_usb_dlmb_bram_if_cntlr_0_in_context.xdc] for cell 'mb_block_i/microblaze_0_local_memory/dlmb_bram_if_cntlr'
Finished Parsing XDC File [c:/Users/vorte/ECE385/fpga_final_project/lab_final_ml/lab_final_ml.gen/sources_1/bd/mb_usb/ip/mb_usb_dlmb_bram_if_cntlr_0/mb_usb_dlmb_bram_if_cntlr_0/mb_usb_dlmb_bram_if_cntlr_0_in_context.xdc] for cell 'mb_block_i/microblaze_0_local_memory/dlmb_bram_if_cntlr'
Parsing XDC File [c:/Users/vorte/ECE385/fpga_final_project/lab_final_ml/lab_final_ml.gen/sources_1/bd/mb_usb/ip/mb_usb_ilmb_bram_if_cntlr_0/mb_usb_ilmb_bram_if_cntlr_0/mb_usb_ilmb_bram_if_cntlr_0_in_context.xdc] for cell 'mb_block_i/microblaze_0_local_memory/ilmb_bram_if_cntlr'
Finished Parsing XDC File [c:/Users/vorte/ECE385/fpga_final_project/lab_final_ml/lab_final_ml.gen/sources_1/bd/mb_usb/ip/mb_usb_ilmb_bram_if_cntlr_0/mb_usb_ilmb_bram_if_cntlr_0/mb_usb_ilmb_bram_if_cntlr_0_in_context.xdc] for cell 'mb_block_i/microblaze_0_local_memory/ilmb_bram_if_cntlr'
Parsing XDC File [c:/Users/vorte/ECE385/fpga_final_project/lab_final_ml/lab_final_ml.gen/sources_1/bd/mb_usb/ip/mb_usb_lmb_bram_0/mb_usb_lmb_bram_0/mb_usb_lmb_bram_0_in_context.xdc] for cell 'mb_block_i/microblaze_0_local_memory/lmb_bram'
Finished Parsing XDC File [c:/Users/vorte/ECE385/fpga_final_project/lab_final_ml/lab_final_ml.gen/sources_1/bd/mb_usb/ip/mb_usb_lmb_bram_0/mb_usb_lmb_bram_0/mb_usb_lmb_bram_0_in_context.xdc] for cell 'mb_block_i/microblaze_0_local_memory/lmb_bram'
Parsing XDC File [c:/Users/vorte/ECE385/fpga_final_project/lab_final_ml/lab_final_ml.gen/sources_1/bd/mb_usb/ip/mb_usb_rst_clk_wiz_1_100M_0/mb_usb_rst_clk_wiz_1_100M_0/mb_usb_rst_clk_wiz_1_100M_0_in_context.xdc] for cell 'mb_block_i/rst_clk_wiz_1_100M'
Finished Parsing XDC File [c:/Users/vorte/ECE385/fpga_final_project/lab_final_ml/lab_final_ml.gen/sources_1/bd/mb_usb/ip/mb_usb_rst_clk_wiz_1_100M_0/mb_usb_rst_clk_wiz_1_100M_0/mb_usb_rst_clk_wiz_1_100M_0_in_context.xdc] for cell 'mb_block_i/rst_clk_wiz_1_100M'
Parsing XDC File [c:/Users/vorte/ECE385/fpga_final_project/lab_final_ml/lab_final_ml.gen/sources_1/bd/mb_usb/ip/mb_usb_spi_usb_0/mb_usb_spi_usb_0/mb_usb_spi_usb_0_in_context.xdc] for cell 'mb_block_i/spi_usb'
Finished Parsing XDC File [c:/Users/vorte/ECE385/fpga_final_project/lab_final_ml/lab_final_ml.gen/sources_1/bd/mb_usb/ip/mb_usb_spi_usb_0/mb_usb_spi_usb_0/mb_usb_spi_usb_0_in_context.xdc] for cell 'mb_block_i/spi_usb'
Parsing XDC File [c:/Users/vorte/ECE385/fpga_final_project/lab_final_ml/lab_final_ml.gen/sources_1/bd/mb_usb/ip/mb_usb_timer_usb_axi_0/mb_usb_timer_usb_axi_0/mb_usb_timer_usb_axi_0_in_context.xdc] for cell 'mb_block_i/timer_usb_axi'
Finished Parsing XDC File [c:/Users/vorte/ECE385/fpga_final_project/lab_final_ml/lab_final_ml.gen/sources_1/bd/mb_usb/ip/mb_usb_timer_usb_axi_0/mb_usb_timer_usb_axi_0/mb_usb_timer_usb_axi_0_in_context.xdc] for cell 'mb_block_i/timer_usb_axi'
Parsing XDC File [c:/Users/vorte/ECE385/fpga_final_project/lab_final_ml/lab_final_ml.gen/sources_1/ip/clk_wiz_0/clk_wiz_0/clk_wiz_0_in_context.xdc] for cell 'clk_gen'
WARNING: [Constraints 18-619] A clock with name 'clk_100mhz' already exists, overwriting the previous clock with the same name. [c:/Users/vorte/ECE385/fpga_final_project/lab_final_ml/lab_final_ml.gen/sources_1/ip/clk_wiz_0/clk_wiz_0/clk_wiz_0_in_context.xdc:1]
Finished Parsing XDC File [c:/Users/vorte/ECE385/fpga_final_project/lab_final_ml/lab_final_ml.gen/sources_1/ip/clk_wiz_0/clk_wiz_0/clk_wiz_0_in_context.xdc] for cell 'clk_gen'
Parsing XDC File [c:/Users/vorte/ECE385/fpga_final_project/lab_final_ml/lab_final_ml.gen/sources_1/ip/hdmi_tx_0/hdmi_tx_0/hdmi_tx_0_in_context.xdc] for cell 'hdmi_transmitter'
Finished Parsing XDC File [c:/Users/vorte/ECE385/fpga_final_project/lab_final_ml/lab_final_ml.gen/sources_1/ip/hdmi_tx_0/hdmi_tx_0/hdmi_tx_0_in_context.xdc] for cell 'hdmi_transmitter'
Parsing XDC File [C:/Users/vorte/ECE385/fpga_final_project/lab_final_ml/lab_final_ml.srcs/constrs_1/new/digit_recognizer.xdc]
CRITICAL WARNING: [Constraints 18-1056] Clock 'sys_clk_100' completely overrides clock 'clk_100mhz'.
New: create_clock -period 10.000 -name sys_clk_100 -waveform {0.000 5.000} [get_ports clk_100mhz], [C:/Users/vorte/ECE385/fpga_final_project/lab_final_ml/lab_final_ml.srcs/constrs_1/new/digit_recognizer.xdc:12]
Previous: create_clock -period 10.000 [get_ports clk_100mhz], [c:/Users/vorte/ECE385/fpga_final_project/lab_final_ml/lab_final_ml.gen/sources_1/ip/clk_wiz_0/clk_wiz_0/clk_wiz_0_in_context.xdc:1]
Resolution: Review the constraint files and remove the redundant clock definition(s). If the clock constraints are not saved in a file, you can first save the constraints to an XDC file and reload the design once the constraints have been corrected.
Finished Parsing XDC File [C:/Users/vorte/ECE385/fpga_final_project/lab_final_ml/lab_final_ml.srcs/constrs_1/new/digit_recognizer.xdc]
INFO: [Project 1-236] Implementation specific constraints were found while reading constraint file [C:/Users/vorte/ECE385/fpga_final_project/lab_final_ml/lab_final_ml.srcs/constrs_1/new/digit_recognizer.xdc]. These constraints will be ignored for synthesis but will be used in implementation. Impacted constraints are listed in the file [.Xil/digit_recognizer_top_propImpl.xdc].
Resolution: To avoid this warning, move constraints listed in [.Xil/digit_recognizer_top_propImpl.xdc] to another XDC file and exclude this new file from synthesis with the used_in_synthesis property (File Properties dialog in GUI) and re-run elaboration/synthesis.
Parsing XDC File [C:/Users/vorte/ECE385/fpga_final_project/lab_final_ml/lab_final_ml.runs/synth_1/dont_touch.xdc]
Finished Parsing XDC File [C:/Users/vorte/ECE385/fpga_final_project/lab_final_ml/lab_final_ml.runs/synth_1/dont_touch.xdc]
Completed Processing XDC Constraints

Netlist sorting complete. Time (s): cpu = 00:00:00 ; elapsed = 00:00:00.002 . Memory (MB): peak = 2153.223 ; gain = 0.000
INFO: [Project 1-111] Unisim Transformation Summary:
No Unisim elements were transformed.

Constraint Validation Runtime : Time (s): cpu = 00:00:00 ; elapsed = 00:00:00.046 . Memory (MB): peak = 2153.223 ; gain = 0.000
WARNING: [Timing 38-316] Clock period '20.000' specified during out-of-context synthesis of instance 'mb_block_i/spi_usb' at clock pin 'ext_spi_clk' is different from the actual clock period '10.000', this can lead to different synthesis results.
WARNING: [Timing 38-316] Clock period '20.000' specified during out-of-context synthesis of instance 'mb_block_i/microblaze_0_local_memory/lmb_bram' at clock pin 'clka' is different from the actual clock period '10.000', this can lead to different synthesis results.
INFO: [Designutils 20-5440] No compile time benefit to using incremental synthesis; A full resynthesis will be run
INFO: [Designutils 20-4379] Flow is switching to default flow due to incremental criteria not met. If you would like to alter this behaviour and have the flow terminate instead, please set the following parameter config_implementation {autoIncr.Synth.RejectBehavior Terminate}
INFO: [Synth 8-11241] undeclared symbol 'REGCCE', assumed default net type 'wire' [C:/Xilinx/Vivado/2022.2/data/verilog/src/unimacro/BRAM_SINGLE_MACRO.v:2170]
---------------------------------------------------------------------------------
Finished Constraint Validation : Time (s): cpu = 00:00:13 ; elapsed = 00:00:16 . Memory (MB): peak = 2154.109 ; gain = 714.363
---------------------------------------------------------------------------------
---------------------------------------------------------------------------------
Start Loading Part and Timing Information
---------------------------------------------------------------------------------
Loading part: xc7s50csga324-1
---------------------------------------------------------------------------------
Finished Loading Part and Timing Information : Time (s): cpu = 00:00:13 ; elapsed = 00:00:16 . Memory (MB): peak = 2154.109 ; gain = 714.363
---------------------------------------------------------------------------------
---------------------------------------------------------------------------------
Start Applying 'set_property' XDC Constraints
---------------------------------------------------------------------------------
Applied set_property IO_BUFFER_TYPE = NONE for clk_100mhz. (constraint file  c:/Users/vorte/ECE385/fpga_final_project/lab_final_ml/lab_final_ml.gen/sources_1/ip/clk_wiz_0/clk_wiz_0/clk_wiz_0_in_context.xdc, line 4).
Applied set_property CLOCK_BUFFER_TYPE = NONE for clk_100mhz. (constraint file  c:/Users/vorte/ECE385/fpga_final_project/lab_final_ml/lab_final_ml.gen/sources_1/ip/clk_wiz_0/clk_wiz_0/clk_wiz_0_in_context.xdc, line 5).
Applied set_property IO_BUFFER_TYPE = NONE for hdmi_clk_n. (constraint file  c:/Users/vorte/ECE385/fpga_final_project/lab_final_ml/lab_final_ml.gen/sources_1/ip/hdmi_tx_0/hdmi_tx_0/hdmi_tx_0_in_context.xdc, line 1).
Applied set_property CLOCK_BUFFER_TYPE = NONE for hdmi_clk_n. (constraint file  c:/Users/vorte/ECE385/fpga_final_project/lab_final_ml/lab_final_ml.gen/sources_1/ip/hdmi_tx_0/hdmi_tx_0/hdmi_tx_0_in_context.xdc, line 2).
Applied set_property IO_BUFFER_TYPE = NONE for hdmi_clk_p. (constraint file  c:/Users/vorte/ECE385/fpga_final_project/lab_final_ml/lab_final_ml.gen/sources_1/ip/hdmi_tx_0/hdmi_tx_0/hdmi_tx_0_in_context.xdc, line 3).
Applied set_property CLOCK_BUFFER_TYPE = NONE for hdmi_clk_p. (constraint file  c:/Users/vorte/ECE385/fpga_final_project/lab_final_ml/lab_final_ml.gen/sources_1/ip/hdmi_tx_0/hdmi_tx_0/hdmi_tx_0_in_context.xdc, line 4).
Applied set_property IO_BUFFER_TYPE = NONE for hdmi_data_n[0]. (constraint file  c:/Users/vorte/ECE385/fpga_final_project/lab_final_ml/lab_final_ml.gen/sources_1/ip/hdmi_tx_0/hdmi_tx_0/hdmi_tx_0_in_context.xdc, line 5).
Applied set_property CLOCK_BUFFER_TYPE = NONE for hdmi_data_n[0]. (constraint file  c:/Users/vorte/ECE385/fpga_final_project/lab_final_ml/lab_final_ml.gen/sources_1/ip/hdmi_tx_0/hdmi_tx_0/hdmi_tx_0_in_context.xdc, line 6).
Applied set_property IO_BUFFER_TYPE = NONE for hdmi_data_n[1]. (constraint file  c:/Users/vorte/ECE385/fpga_final_project/lab_final_ml/lab_final_ml.gen/sources_1/ip/hdmi_tx_0/hdmi_tx_0/hdmi_tx_0_in_context.xdc, line 7).
Applied set_property CLOCK_BUFFER_TYPE = NONE for hdmi_data_n[1]. (constraint file  c:/Users/vorte/ECE385/fpga_final_project/lab_final_ml/lab_final_ml.gen/sources_1/ip/hdmi_tx_0/hdmi_tx_0/hdmi_tx_0_in_context.xdc, line 8).
Applied set_property IO_BUFFER_TYPE = NONE for hdmi_data_n[2]. (constraint file  c:/Users/vorte/ECE385/fpga_final_project/lab_final_ml/lab_final_ml.gen/sources_1/ip/hdmi_tx_0/hdmi_tx_0/hdmi_tx_0_in_context.xdc, line 9).
Applied set_property CLOCK_BUFFER_TYPE = NONE for hdmi_data_n[2]. (constraint file  c:/Users/vorte/ECE385/fpga_final_project/lab_final_ml/lab_final_ml.gen/sources_1/ip/hdmi_tx_0/hdmi_tx_0/hdmi_tx_0_in_context.xdc, line 10).
Applied set_property IO_BUFFER_TYPE = NONE for hdmi_data_p[0]. (constraint file  c:/Users/vorte/ECE385/fpga_final_project/lab_final_ml/lab_final_ml.gen/sources_1/ip/hdmi_tx_0/hdmi_tx_0/hdmi_tx_0_in_context.xdc, line 11).
Applied set_property CLOCK_BUFFER_TYPE = NONE for hdmi_data_p[0]. (constraint file  c:/Users/vorte/ECE385/fpga_final_project/lab_final_ml/lab_final_ml.gen/sources_1/ip/hdmi_tx_0/hdmi_tx_0/hdmi_tx_0_in_context.xdc, line 12).
Applied set_property IO_BUFFER_TYPE = NONE for hdmi_data_p[1]. (constraint file  c:/Users/vorte/ECE385/fpga_final_project/lab_final_ml/lab_final_ml.gen/sources_1/ip/hdmi_tx_0/hdmi_tx_0/hdmi_tx_0_in_context.xdc, line 13).
Applied set_property CLOCK_BUFFER_TYPE = NONE for hdmi_data_p[1]. (constraint file  c:/Users/vorte/ECE385/fpga_final_project/lab_final_ml/lab_final_ml.gen/sources_1/ip/hdmi_tx_0/hdmi_tx_0/hdmi_tx_0_in_context.xdc, line 14).
Applied set_property IO_BUFFER_TYPE = NONE for hdmi_data_p[2]. (constraint file  c:/Users/vorte/ECE385/fpga_final_project/lab_final_ml/lab_final_ml.gen/sources_1/ip/hdmi_tx_0/hdmi_tx_0/hdmi_tx_0_in_context.xdc, line 15).
Applied set_property CLOCK_BUFFER_TYPE = NONE for hdmi_data_p[2]. (constraint file  c:/Users/vorte/ECE385/fpga_final_project/lab_final_ml/lab_final_ml.gen/sources_1/ip/hdmi_tx_0/hdmi_tx_0/hdmi_tx_0_in_context.xdc, line 16).
Applied set_property KEEP_HIERARCHY = SOFT for mb_block_i. (constraint file  auto generated constraint).
Applied set_property KEEP_HIERARCHY = SOFT for mb_block_i/axi_uartlite_0. (constraint file  auto generated constraint).
Applied set_property KEEP_HIERARCHY = SOFT for mb_block_i/clk_wiz_1. (constraint file  auto generated constraint).
Applied set_property KEEP_HIERARCHY = SOFT for mb_block_i/gpio_usb_int. (constraint file  auto generated constraint).
Applied set_property KEEP_HIERARCHY = SOFT for mb_block_i/gpio_usb_keycode. (constraint file  auto generated constraint).
Applied set_property KEEP_HIERARCHY = SOFT for mb_block_i/gpio_usb_rst. (constraint file  auto generated constraint).
Applied set_property KEEP_HIERARCHY = SOFT for mb_block_i/mdm_1. (constraint file  auto generated constraint).
Applied set_property KEEP_HIERARCHY = SOFT for mb_block_i/microblaze_0. (constraint file  auto generated constraint).
Applied set_property KEEP_HIERARCHY = SOFT for mb_block_i/microblaze_0_axi_intc. (constraint file  auto generated constraint).
Applied set_property KEEP_HIERARCHY = SOFT for mb_block_i/microblaze_0_axi_periph/xbar. (constraint file  auto generated constraint).
Applied set_property KEEP_HIERARCHY = SOFT for mb_block_i/microblaze_0_axi_periph. (constraint file  auto generated constraint).
Applied set_property KEEP_HIERARCHY = SOFT for mb_block_i/microblaze_0_local_memory/dlmb_v10. (constraint file  auto generated constraint).
Applied set_property KEEP_HIERARCHY = SOFT for mb_block_i/microblaze_0_local_memory/ilmb_v10. (constraint file  auto generated constraint).
Applied set_property KEEP_HIERARCHY = SOFT for mb_block_i/microblaze_0_local_memory/dlmb_bram_if_cntlr. (constraint file  auto generated constraint).
Applied set_property KEEP_HIERARCHY = SOFT for mb_block_i/microblaze_0_local_memory/ilmb_bram_if_cntlr. (constraint file  auto generated constraint).
Applied set_property KEEP_HIERARCHY = SOFT for mb_block_i/microblaze_0_local_memory/lmb_bram. (constraint file  auto generated constraint).
Applied set_property KEEP_HIERARCHY = SOFT for mb_block_i/rst_clk_wiz_1_100M. (constraint file  auto generated constraint).
Applied set_property KEEP_HIERARCHY = SOFT for mb_block_i/spi_usb. (constraint file  auto generated constraint).
Applied set_property KEEP_HIERARCHY = SOFT for mb_block_i/timer_usb_axi. (constraint file  auto generated constraint).
Applied set_property KEEP_HIERARCHY = SOFT for mb_block_i/xlconcat_0. (constraint file  auto generated constraint).
Applied set_property KEEP_HIERARCHY = SOFT for clk_gen. (constraint file  auto generated constraint).
Applied set_property KEEP_HIERARCHY = SOFT for hdmi_transmitter. (constraint file  auto generated constraint).
---------------------------------------------------------------------------------
Finished applying 'set_property' XDC Constraints : Time (s): cpu = 00:00:13 ; elapsed = 00:00:16 . Memory (MB): peak = 2154.109 ; gain = 714.363
---------------------------------------------------------------------------------
INFO: [Synth 8-802] inferred FSM for state register 'state_reg' in module 'drawing_engine_cursor'
INFO: [Synth 8-802] inferred FSM for state register 'state_reg' in module 'image_downsampler'
INFO: [Synth 8-802] inferred FSM for state register 'state_reg' in module 'digit_recognizer_top'
---------------------------------------------------------------------------------------------------
                   State |                     New Encoding |                Previous Encoding 
---------------------------------------------------------------------------------------------------
                    IDLE |                               00 |                               00
                 DRAWING |                               01 |                               01
                CLEARING |                               10 |                               10
---------------------------------------------------------------------------------------------------
INFO: [Synth 8-3354] encoded FSM with state register 'state_reg' using encoding 'sequential' in module 'drawing_engine_cursor'
---------------------------------------------------------------------------------------------------
                   State |                     New Encoding |                Previous Encoding 
---------------------------------------------------------------------------------------------------
                  S_IDLE |                               00 |                              000
            S_DOWNSAMPLE |                               01 |                              001
             S_INFERENCE |                               10 |                              010
                  S_DONE |                               11 |                              011
---------------------------------------------------------------------------------------------------
INFO: [Synth 8-3354] encoded FSM with state register 'state_reg' using encoding 'sequential' in module 'digit_recognizer_top'
---------------------------------------------------------------------------------
Finished RTL Optimization Phase 2 : Time (s): cpu = 00:00:18 ; elapsed = 00:00:21 . Memory (MB): peak = 2154.109 ; gain = 714.363
---------------------------------------------------------------------------------
---------------------------------------------------------------------------------
Start RTL Component Statistics 
---------------------------------------------------------------------------------
Detailed RTL Component Info : 
+---Adders : 
	   2 Input   48 Bit       Adders := 1     
	   2 Input   32 Bit       Adders := 4     
	   2 Input   17 Bit       Adders := 1     
	   2 Input   11 Bit       Adders := 9     
	   3 Input   11 Bit       Adders := 2     
	   2 Input   10 Bit       Adders := 4     
	   3 Input    9 Bit       Adders := 2     
	   2 Input    7 Bit       Adders := 2     
	   2 Input    5 Bit       Adders := 2     
	   2 Input    4 Bit       Adders := 5     
+---Registers : 
	               48 Bit    Registers := 141   
	               32 Bit    Registers := 1     
	               17 Bit    Registers := 1     
	               11 Bit    Registers := 1     
	               10 Bit    Registers := 10    
	                7 Bit    Registers := 2     
	                5 Bit    Registers := 2     
	                4 Bit    Registers := 8     
	                1 Bit    Registers := 10    
+---Multipliers : 
	              16x48  Multipliers := 1     
+---RAMs : 
	              76K Bit	(78400 X 1 bit)          RAMs := 1     
	              12K Bit	(784 X 16 bit)          RAMs := 1     
+---Muxes : 
	  12 Input   48 Bit        Muxes := 3     
	   3 Input   17 Bit        Muxes := 1     
	  11 Input   16 Bit        Muxes := 1     
	  12 Input   16 Bit        Muxes := 1     
	   6 Input   11 Bit        Muxes := 1     
	  12 Input   10 Bit        Muxes := 1     
	   2 Input   10 Bit        Muxes := 2     
	   6 Input   10 Bit        Muxes := 1     
	   2 Input    9 Bit        Muxes := 4     
	   3 Input    9 Bit        Muxes := 2     
	   4 Input    8 Bit        Muxes := 2     
	   2 Input    8 Bit        Muxes := 3     
	   3 Input    8 Bit        Muxes := 1     
	   5 Input    8 Bit        Muxes := 1     
	  12 Input    7 Bit        Muxes := 1     
	   6 Input    7 Bit        Muxes := 1     
	   2 Input    5 Bit        Muxes := 1     
	   6 Input    5 Bit        Muxes := 2     
	  12 Input    4 Bit        Muxes := 3     
	   2 Input    4 Bit        Muxes := 7     
	   3 Input    4 Bit        Muxes := 2     
	   6 Input    4 Bit        Muxes := 2     
	   5 Input    4 Bit        Muxes := 2     
	   2 Input    3 Bit        Muxes := 3     
	   6 Input    3 Bit        Muxes := 1     
	  12 Input    2 Bit        Muxes := 1     
	   3 Input    2 Bit        Muxes := 1     
	   2 Input    2 Bit        Muxes := 4     
	   4 Input    2 Bit        Muxes := 1     
	  12 Input    1 Bit        Muxes := 11    
	   2 Input    1 Bit        Muxes := 147   
	   4 Input    1 Bit        Muxes := 4     
	   3 Input    1 Bit        Muxes := 7     
	   6 Input    1 Bit        Muxes := 6     
	  11 Input    1 Bit        Muxes := 7     
---------------------------------------------------------------------------------
Finished RTL Component Statistics 
---------------------------------------------------------------------------------
---------------------------------------------------------------------------------
Start Part Resource Summary
---------------------------------------------------------------------------------
Part Resources:
DSPs: 120 (col length:60)
BRAMs: 150 (col length: RAMB18 60 RAMB36 30)
---------------------------------------------------------------------------------
Finished Part Resource Summary
---------------------------------------------------------------------------------
---------------------------------------------------------------------------------
Start Cross Boundary and Area Optimization
---------------------------------------------------------------------------------
WARNING: [Synth 8-7080] Parallel synthesis criteria is not met
DSP Report: Generating DSP p_2_out, operation Mode is: A*B.
DSP Report: operator p_2_out is absorbed into DSP p_2_out.
DSP Report: operator p_2_out is absorbed into DSP p_2_out.
DSP Report: Generating DSP p_2_out, operation Mode is: A*B.
DSP Report: operator p_2_out is absorbed into DSP p_2_out.
DSP Report: operator p_2_out is absorbed into DSP p_2_out.
DSP Report: Generating DSP p_2_out, operation Mode is: (PCIN>>17)+A*B.
DSP Report: operator p_2_out is absorbed into DSP p_2_out.
DSP Report: operator p_2_out is absorbed into DSP p_2_out.
DSP Report: Generating DSP accumulator3, operation Mode is: C+(A:0x310)*B.
DSP Report: operator accumulator3 is absorbed into DSP accumulator3.
DSP Report: operator accumulator4 is absorbed into DSP accumulator3.
DSP Report: Generating DSP output_pixel1, operation Mode is: A*(B:0xff).
DSP Report: operator output_pixel1 is absorbed into DSP output_pixel1.
---------------------------------------------------------------------------------
Finished Cross Boundary and Area Optimization : Time (s): cpu = 00:00:34 ; elapsed = 00:00:37 . Memory (MB): peak = 2156.992 ; gain = 717.246
---------------------------------------------------------------------------------
---------------------------------------------------------------------------------
Start ROM, RAM, DSP, Shift Register and Retiming Reporting
---------------------------------------------------------------------------------

ROM: Preliminary Mapping Report
+---------------------+----------------+---------------+----------------+
|Module Name          | RTL Object     | Depth x Width | Implemented As | 
+---------------------+----------------+---------------+----------------+
|nn_inference_simple  | weights_layer2 | 2048x10       | LUT            | 
|nn_inference_simple  | biases_layer1  | 128x8         | LUT            | 
|nn_inference_simple  | weights_layer1 | 131072x10     | LUT            | 
|digit_recognizer_top | p_0_out        | 2048x10       | LUT            | 
|digit_recognizer_top | p_0_out        | 128x8         | LUT            | 
+---------------------+----------------+---------------+----------------+


Distributed RAM: Preliminary Mapping Report (see note below)
+---------------------+----------------------+-----------+----------------------+--------------------------------+
|Module Name          | RTL Object           | Inference | Size (Depth x Width) | Primitives                     | 
+---------------------+----------------------+-----------+----------------------+--------------------------------+
|digit_recognizer_top | input_mem_reg        | Implied   | 1 K x 16             | RAM64M x 78                    | 
|digit_recognizer_top | canvas_fb/memory_reg | Implied   | 128 K x 1            | RAM64X1D x 2 RAM128X1D x 1224  | 
+---------------------+----------------------+-----------+----------------------+--------------------------------+

Note: The table above is a preliminary report that shows the Distributed RAMs at the current stage of the synthesis flow. Some Distributed RAMs may be reimplemented as non Distributed RAM primitives later in the synthesis flow. Multiple instantiated RAMs are reported only once.

DSP: Preliminary Mapping Report (see note below. The ' indicates corresponding REG is set)
+---------------------+----------------+--------+--------+--------+--------+--------+------+------+------+------+-------+------+------+
|Module Name          | DSP Mapping    | A Size | B Size | C Size | D Size | P Size | AREG | BREG | CREG | DREG | ADREG | MREG | PREG | 
+---------------------+----------------+--------+--------+--------+--------+--------+------+------+------+------+-------+------+------+
|digit_recognizer_top | A*B            | 16     | 14     | -      | -      | 48     | 0    | 0    | -    | -    | -     | 0    | 0    | 
|digit_recognizer_top | A*B            | 18     | 16     | -      | -      | 48     | 0    | 0    | -    | -    | -     | 0    | 0    | 
|digit_recognizer_top | (PCIN>>17)+A*B | 18     | 16     | -      | -      | 48     | 0    | 0    | -    | -    | -     | 0    | 0    | 
|nn_inference_simple  | C+(A:0x310)*B  | 7      | 10     | 10     | -      | 17     | 0    | 0    | 0    | -    | -     | 0    | 0    | 
|image_downsampler    | A*(B:0xff)     | 11     | 8      | -      | -      | 19     | 0    | 0    | -    | -    | -     | 0    | 0    | 
+---------------------+----------------+--------+--------+--------+--------+--------+------+------+------+------+-------+------+------+

Note: The table above is a preliminary report that shows the DSPs inferred at the current stage of the synthesis flow. Some DSP may be reimplemented as non DSP primitives later in the synthesis flow. Multiple instantiated DSPs are reported only once.
---------------------------------------------------------------------------------
Finished ROM, RAM, DSP, Shift Register and Retiming Reporting
---------------------------------------------------------------------------------
---------------------------------------------------------------------------------
Start Applying XDC Timing Constraints
---------------------------------------------------------------------------------
WARNING: [Synth 8-565] redefining clock 'clk_100mhz'
---------------------------------------------------------------------------------
Finished Applying XDC Timing Constraints : Time (s): cpu = 00:00:40 ; elapsed = 00:00:44 . Memory (MB): peak = 2157.441 ; gain = 717.695
---------------------------------------------------------------------------------
---------------------------------------------------------------------------------
Start Timing Optimization
---------------------------------------------------------------------------------
---------------------------------------------------------------------------------
Finished Timing Optimization : Time (s): cpu = 00:00:44 ; elapsed = 00:00:48 . Memory (MB): peak = 2249.426 ; gain = 809.680
---------------------------------------------------------------------------------
---------------------------------------------------------------------------------
Start ROM, RAM, DSP, Shift Register and Retiming Reporting
---------------------------------------------------------------------------------

Distributed RAM: Final Mapping Report
+---------------------+----------------------+-----------+----------------------+--------------------------------+
|Module Name          | RTL Object           | Inference | Size (Depth x Width) | Primitives                     | 
+---------------------+----------------------+-----------+----------------------+--------------------------------+
|digit_recognizer_top | input_mem_reg        | Implied   | 1 K x 16             | RAM64M x 78                    | 
|digit_recognizer_top | canvas_fb/memory_reg | Implied   | 128 K x 1            | RAM64X1D x 2 RAM128X1D x 1224  | 
+---------------------+----------------------+-----------+----------------------+--------------------------------+

---------------------------------------------------------------------------------
Finished ROM, RAM, DSP, Shift Register and Retiming Reporting
---------------------------------------------------------------------------------
---------------------------------------------------------------------------------
Start Technology Mapping
---------------------------------------------------------------------------------
---------------------------------------------------------------------------------
Finished Technology Mapping : Time (s): cpu = 00:00:52 ; elapsed = 00:00:56 . Memory (MB): peak = 2256.383 ; gain = 816.637
---------------------------------------------------------------------------------
---------------------------------------------------------------------------------
Start IO Insertion
---------------------------------------------------------------------------------
---------------------------------------------------------------------------------
Start Flattening Before IO Insertion
---------------------------------------------------------------------------------
---------------------------------------------------------------------------------
Finished Flattening Before IO Insertion
---------------------------------------------------------------------------------
---------------------------------------------------------------------------------
Start Final Netlist Cleanup
---------------------------------------------------------------------------------
---------------------------------------------------------------------------------
Finished Final Netlist Cleanup
---------------------------------------------------------------------------------
---------------------------------------------------------------------------------
Finished IO Insertion : Time (s): cpu = 00:00:56 ; elapsed = 00:01:00 . Memory (MB): peak = 2258.379 ; gain = 818.633
---------------------------------------------------------------------------------
---------------------------------------------------------------------------------
Start Renaming Generated Instances
---------------------------------------------------------------------------------
---------------------------------------------------------------------------------
Finished Renaming Generated Instances : Time (s): cpu = 00:00:56 ; elapsed = 00:01:00 . Memory (MB): peak = 2258.379 ; gain = 818.633
---------------------------------------------------------------------------------
---------------------------------------------------------------------------------
Start Rebuilding User Hierarchy
---------------------------------------------------------------------------------
---------------------------------------------------------------------------------
Finished Rebuilding User Hierarchy : Time (s): cpu = 00:00:58 ; elapsed = 00:01:02 . Memory (MB): peak = 2258.379 ; gain = 818.633
---------------------------------------------------------------------------------
---------------------------------------------------------------------------------
Start Renaming Generated Ports
---------------------------------------------------------------------------------
---------------------------------------------------------------------------------
Finished Renaming Generated Ports : Time (s): cpu = 00:00:58 ; elapsed = 00:01:02 . Memory (MB): peak = 2258.379 ; gain = 818.633
---------------------------------------------------------------------------------
---------------------------------------------------------------------------------
Start Handling Custom Attributes
---------------------------------------------------------------------------------
---------------------------------------------------------------------------------
Finished Handling Custom Attributes : Time (s): cpu = 00:00:58 ; elapsed = 00:01:02 . Memory (MB): peak = 2258.379 ; gain = 818.633
---------------------------------------------------------------------------------
---------------------------------------------------------------------------------
Start Renaming Generated Nets
---------------------------------------------------------------------------------
---------------------------------------------------------------------------------
Finished Renaming Generated Nets : Time (s): cpu = 00:00:58 ; elapsed = 00:01:02 . Memory (MB): peak = 2258.379 ; gain = 818.633
---------------------------------------------------------------------------------
---------------------------------------------------------------------------------
Start Writing Synthesis Report
---------------------------------------------------------------------------------

DSP Final Report (the ' indicates corresponding REG is set)
+---------------------+--------------+--------+--------+--------+--------+--------+------+------+------+------+-------+------+------+
|Module Name          | DSP Mapping  | A Size | B Size | C Size | D Size | P Size | AREG | BREG | CREG | DREG | ADREG | MREG | PREG | 
+---------------------+--------------+--------+--------+--------+--------+--------+------+------+------+------+-------+------+------+
|image_downsampler    | A*B          | 11     | 8      | -      | -      | 19     | 0    | 0    | -    | -    | -     | 0    | 0    | 
|digit_recognizer_top | A*B          | 30     | 18     | -      | -      | 48     | 0    | 0    | -    | -    | -     | 0    | 0    | 
|digit_recognizer_top | A*B          | 17     | 18     | -      | -      | 48     | 0    | 0    | -    | -    | -     | 0    | 0    | 
|digit_recognizer_top | PCIN>>17+A*B | 17     | 18     | -      | -      | 48     | 0    | 0    | -    | -    | -     | 0    | 0    | 
|nn_inference_simple  | C+A*B        | 7      | 10     | 10     | -      | 17     | 0    | 0    | 0    | -    | -     | 0    | 0    | 
+---------------------+--------------+--------+--------+--------+--------+--------+------+------+------+------+-------+------+------+


Report BlackBoxes: 
+------+-------------------------------+----------+
|      |BlackBox name                  |Instances |
+------+-------------------------------+----------+
|1     |mb_usb_xbar_0                  |         1|
|2     |mb_usb_axi_uartlite_0_0        |         1|
|3     |mb_usb_clk_wiz_1_0             |         1|
|4     |mb_usb_gpio_usb_int_0          |         1|
|5     |mb_usb_gpio_usb_keycode_0      |         1|
|6     |mb_usb_gpio_usb_rst_0          |         1|
|7     |mb_usb_mdm_1_0                 |         1|
|8     |mb_usb_microblaze_0_0          |         1|
|9     |mb_usb_microblaze_0_axi_intc_0 |         1|
|10    |mb_usb_rst_clk_wiz_1_100M_0    |         1|
|11    |mb_usb_spi_usb_0               |         1|
|12    |mb_usb_timer_usb_axi_0         |         1|
|13    |mb_usb_dlmb_bram_if_cntlr_0    |         1|
|14    |mb_usb_dlmb_v10_0              |         1|
|15    |mb_usb_ilmb_bram_if_cntlr_0    |         1|
|16    |mb_usb_ilmb_v10_0              |         1|
|17    |mb_usb_lmb_bram_0              |         1|
|18    |clk_wiz_0                      |         1|
|19    |hdmi_tx_0                      |         1|
+------+-------------------------------+----------+

Report Cell Usage: 
+------+-----------------------------+------+
|      |Cell                         |Count |
+------+-----------------------------+------+
|1     |clk_wiz                      |     1|
|2     |hdmi_tx                      |     1|
|3     |mb_usb_axi_uartlite_0        |     1|
|4     |mb_usb_clk_wiz_1             |     1|
|5     |mb_usb_dlmb_bram_if_cntlr    |     1|
|6     |mb_usb_dlmb_v10              |     1|
|7     |mb_usb_gpio_usb_int          |     1|
|8     |mb_usb_gpio_usb_keycode      |     1|
|9     |mb_usb_gpio_usb_rst          |     1|
|10    |mb_usb_ilmb_bram_if_cntlr    |     1|
|11    |mb_usb_ilmb_v10              |     1|
|12    |mb_usb_lmb_bram              |     1|
|13    |mb_usb_mdm_1                 |     1|
|14    |mb_usb_microblaze_0          |     1|
|15    |mb_usb_microblaze_0_axi_intc |     1|
|16    |mb_usb_rst_clk_wiz_1_100M    |     1|
|17    |mb_usb_spi_usb               |     1|
|18    |mb_usb_timer_usb_axi         |     1|
|19    |mb_usb_xbar                  |     1|
|20    |CARRY4                       |   185|
|21    |DSP48E1                      |     5|
|23    |LUT1                         |    37|
|24    |LUT2                         |   614|
|25    |LUT3                         |   279|
|26    |LUT4                         |   435|
|27    |LUT5                         |   452|
|28    |LUT6                         | 20770|
|29    |MUXF7                        |  9663|
|30    |MUXF8                        |   993|
|31    |RAM128X1D                    |  1224|
|32    |RAM64M                       |    39|
|33    |RAM64X1D                     |     2|
|34    |FDCE                         |   330|
|35    |FDPE                         |     1|
|36    |FDRE                         |  5680|
|37    |IBUF                         |     4|
|38    |OBUF                         |    37|
+------+-----------------------------+------+
---------------------------------------------------------------------------------
Finished Writing Synthesis Report : Time (s): cpu = 00:00:58 ; elapsed = 00:01:02 . Memory (MB): peak = 2258.379 ; gain = 818.633
---------------------------------------------------------------------------------
Synthesis finished with 0 errors, 0 critical warnings and 2 warnings.
Synthesis Optimization Runtime : Time (s): cpu = 00:00:48 ; elapsed = 00:00:59 . Memory (MB): peak = 2258.379 ; gain = 749.020
Synthesis Optimization Complete : Time (s): cpu = 00:00:58 ; elapsed = 00:01:02 . Memory (MB): peak = 2258.379 ; gain = 818.633
INFO: [Project 1-571] Translating synthesized netlist
Netlist sorting complete. Time (s): cpu = 00:00:01 ; elapsed = 00:00:00.278 . Memory (MB): peak = 2269.629 ; gain = 0.000
INFO: [Netlist 29-17] Analyzing 12111 Unisim elements for replacement
INFO: [Netlist 29-28] Unisim Transformation completed in 0 CPU seconds
WARNING: [Netlist 29-101] Netlist 'digit_recognizer_top' is not ideal for floorplanning, since the cellview 'nn_inference_simple' contains a large number of primitives.  Please consider enabling hierarchy in synthesis if you want to do floorplanning.
INFO: [Project 1-570] Preparing netlist for logic optimization
INFO: [Opt 31-140] Inserted 1 IBUFs to IO ports without IO buffers.
INFO: [Opt 31-138] Pushed 0 inverter(s) to 0 load pin(s).
Netlist sorting complete. Time (s): cpu = 00:00:00 ; elapsed = 00:00:00.008 . Memory (MB): peak = 2277.348 ; gain = 0.000
INFO: [Project 1-111] Unisim Transformation Summary:
  A total of 1265 instances were transformed.
  RAM128X1D => RAM128X1D (MUXF7(x2), RAMD64E(x4)): 1224 instances
  RAM64M => RAM64M (RAMD64E(x4)): 39 instances
  RAM64X1D => RAM64X1D (RAMD64E(x2)): 2 instances

Synth Design complete, checksum: 8fcc2705
INFO: [Common 17-83] Releasing license: Synthesis
131 Infos, 143 Warnings, 1 Critical Warnings and 0 Errors encountered.
synth_design completed successfully
synth_design: Time (s): cpu = 00:01:07 ; elapsed = 00:01:25 . Memory (MB): peak = 2277.348 ; gain = 1212.574
INFO: [runtcl-6] Synthesis results are not added to the cache due to CRITICAL_WARNING
INFO: [Common 17-1381] The checkpoint 'C:/Users/vorte/ECE385/fpga_final_project/lab_final_ml/lab_final_ml.runs/synth_1/digit_recognizer_top.dcp' has been generated.
INFO: [runtcl-4] Executing : report_utilization -file digit_recognizer_top_utilization_synth.rpt -pb digit_recognizer_top_utilization_synth.pb
INFO: [Common 17-206] Exiting Vivado at Wed Dec 10 13:06:08 2025...
