12:39:02 DEBUG : Logs will be stored at 'C:/Users/vorte/ECE385/fpga_final_project/lab_final_ml/lab_final_workspace/IDE.log'.
12:39:06 INFO  : Launching XSCT server: xsct.bat -n  -interactive C:\Users\vorte\ECE385\fpga_final_project\lab_final_ml\lab_final_workspace\temp_xsdb_launch_script.tcl
12:39:06 INFO  : Registering command handlers for Vitis TCF services
12:39:08 INFO  : Platform repository initialization has completed.
12:39:10 INFO  : XSCT server has started successfully.
12:39:11 INFO  : Successfully done setting XSCT server connection channel  
12:39:11 INFO  : plnx-install-location is set to ''
12:39:11 INFO  : Successfully done query RDI_DATADIR 
12:39:11 INFO  : Successfully done setting workspace for the tool. 
13:14:28 INFO  : Result from executing command 'getProjects': digit_recognizer_top
13:14:28 INFO  : Result from executing command 'getPlatforms': xilinx_vck190_base_202220_1|C:/Xilinx/Vitis/2022.2/base_platforms/xilinx_vck190_base_202220_1/xilinx_vck190_base_202220_1.xpfm;xilinx_vck190_base_dfx_202220_1|C:/Xilinx/Vitis/2022.2/base_platforms/xilinx_vck190_base_dfx_202220_1/xilinx_vck190_base_dfx_202220_1.xpfm;xilinx_vmk180_base_202220_1|C:/Xilinx/Vitis/2022.2/base_platforms/xilinx_vmk180_base_202220_1/xilinx_vmk180_base_202220_1.xpfm;xilinx_zcu102_base_202220_1|C:/Xilinx/Vitis/2022.2/base_platforms/xilinx_zcu102_base_202220_1/xilinx_zcu102_base_202220_1.xpfm;xilinx_zcu102_base_dfx_202220_1|C:/Xilinx/Vitis/2022.2/base_platforms/xilinx_zcu102_base_dfx_202220_1/xilinx_zcu102_base_dfx_202220_1.xpfm;xilinx_zcu104_base_202220_1|C:/Xilinx/Vitis/2022.2/base_platforms/xilinx_zcu104_base_202220_1/xilinx_zcu104_base_202220_1.xpfm
13:14:29 WARN  : An unexpected exception occurred in the module 'platform project logging'
13:14:30 INFO  : Platform 'digit_recognizer_top' is added to custom repositories.
13:14:39 INFO  : Platform 'digit_recognizer_top' is added to custom repositories.
13:15:50 INFO  : Result from executing command 'removePlatformRepo': 
13:15:58 INFO  : Result from executing command 'getProjects': digit_recognizer_top
13:15:58 INFO  : Result from executing command 'getPlatforms': xilinx_vck190_base_202220_1|C:/Xilinx/Vitis/2022.2/base_platforms/xilinx_vck190_base_202220_1/xilinx_vck190_base_202220_1.xpfm;xilinx_vck190_base_dfx_202220_1|C:/Xilinx/Vitis/2022.2/base_platforms/xilinx_vck190_base_dfx_202220_1/xilinx_vck190_base_dfx_202220_1.xpfm;xilinx_vmk180_base_202220_1|C:/Xilinx/Vitis/2022.2/base_platforms/xilinx_vmk180_base_202220_1/xilinx_vmk180_base_202220_1.xpfm;xilinx_zcu102_base_202220_1|C:/Xilinx/Vitis/2022.2/base_platforms/xilinx_zcu102_base_202220_1/xilinx_zcu102_base_202220_1.xpfm;xilinx_zcu102_base_dfx_202220_1|C:/Xilinx/Vitis/2022.2/base_platforms/xilinx_zcu102_base_dfx_202220_1/xilinx_zcu102_base_dfx_202220_1.xpfm;xilinx_zcu104_base_202220_1|C:/Xilinx/Vitis/2022.2/base_platforms/xilinx_zcu104_base_202220_1/xilinx_zcu104_base_202220_1.xpfm
13:15:58 INFO  : Checking for BSP changes to sync application flags for project 'lab_final'...
13:16:24 INFO  : Checking for BSP changes to sync application flags for project 'lab_final'...
13:16:41 INFO  : Connected to target on host '127.0.0.1' and port '3121'.
13:16:41 INFO  : Jtag cable 'RealDigital Boo 887100000004A' is selected.
13:16:41 INFO  : 'jtag frequency' command is executed.
13:16:41 INFO  : 'targets -set -filter {jtag_cable_name =~ "RealDigital Boo 887100000004A" && level==0 && jtag_device_ctx=="jsn1-0362f093-0"}' command is executed.
13:16:43 INFO  : Device configured successfully with "C:/Users/vorte/ECE385/fpga_final_project/lab_final_ml/lab_final_workspace/lab_final/_ide/bitstream/digit_recognizer_top.bit"
13:16:43 INFO  : Context for processor 'microblaze_0' is selected.
13:16:43 INFO  : Hardware design and registers information is loaded from 'C:/Users/vorte/ECE385/fpga_final_project/lab_final_ml/lab_final_workspace/digit_recognizer_top/export/digit_recognizer_top/hw/digit_recognizer_top.xsa'.
13:16:43 INFO  : 'configparams mdm-detect-bscan-mask 2' command is executed.
13:16:43 INFO  : Context for processor 'microblaze_0' is selected.
13:16:43 INFO  : System reset is completed.
13:16:46 INFO  : 'after 3000' command is executed.
13:16:46 INFO  : Context for processor 'microblaze_0' is selected.
13:16:46 INFO  : The application 'C:/Users/vorte/ECE385/fpga_final_project/lab_final_ml/lab_final_workspace/lab_final/Debug/lab_final.elf' is downloaded to processor 'microblaze_0'.
13:16:46 INFO  : ----------------XSDB Script----------------
connect -url tcp:127.0.0.1:3121
targets -set -filter {jtag_cable_name =~ "RealDigital Boo 887100000004A" && level==0 && jtag_device_ctx=="jsn1-0362f093-0"}
fpga -file C:/Users/vorte/ECE385/fpga_final_project/lab_final_ml/lab_final_workspace/lab_final/_ide/bitstream/digit_recognizer_top.bit
targets -set -nocase -filter {name =~ "*microblaze*#0" && bscan=="USER2" }
loadhw -hw C:/Users/vorte/ECE385/fpga_final_project/lab_final_ml/lab_final_workspace/digit_recognizer_top/export/digit_recognizer_top/hw/digit_recognizer_top.xsa -regs
configparams mdm-detect-bscan-mask 2
targets -set -nocase -filter {name =~ "*microblaze*#0" && bscan=="USER2" }
rst -system
after 3000
targets -set -nocase -filter {name =~ "*microblaze*#0" && bscan=="USER2" }
dow C:/Users/vorte/ECE385/fpga_final_project/lab_final_ml/lab_final_workspace/lab_final/Debug/lab_final.elf
----------------End of Script----------------

13:16:46 INFO  : Context for processor 'microblaze_0' is selected.
13:16:46 INFO  : 'con' command is executed.
13:16:46 INFO  : ----------------XSDB Script (After Launch)----------------
targets -set -nocase -filter {name =~ "*microblaze*#0" && bscan=="USER2" }
con
----------------End of Script----------------

13:16:46 INFO  : Disconnected from the channel tcfchan#3.
13:17:16 INFO  : Connected to target on host '127.0.0.1' and port '3121'.
13:17:16 INFO  : Jtag cable 'RealDigital Boo 887100000004A' is selected.
13:17:16 INFO  : 'jtag frequency' command is executed.
13:17:16 INFO  : 'targets -set -filter {jtag_cable_name =~ "RealDigital Boo 887100000004A" && level==0 && jtag_device_ctx=="jsn1-0362f093-0"}' command is executed.
13:17:17 INFO  : Device configured successfully with "C:/Users/vorte/ECE385/fpga_final_project/lab_final_ml/lab_final_workspace/lab_final/_ide/bitstream/digit_recognizer_top.bit"
13:17:17 INFO  : Context for processor 'microblaze_0' is selected.
13:17:17 INFO  : Hardware design and registers information is loaded from 'C:/Users/vorte/ECE385/fpga_final_project/lab_final_ml/lab_final_workspace/digit_recognizer_top/export/digit_recognizer_top/hw/digit_recognizer_top.xsa'.
13:17:17 INFO  : 'configparams mdm-detect-bscan-mask 2' command is executed.
13:17:17 INFO  : Context for processor 'microblaze_0' is selected.
13:17:17 INFO  : System reset is completed.
13:17:20 INFO  : 'after 3000' command is executed.
13:17:20 INFO  : Context for processor 'microblaze_0' is selected.
13:17:20 INFO  : The application 'C:/Users/vorte/ECE385/fpga_final_project/lab_final_ml/lab_final_workspace/lab_final/Debug/lab_final.elf' is downloaded to processor 'microblaze_0'.
13:17:20 INFO  : ----------------XSDB Script----------------
connect -url tcp:127.0.0.1:3121
targets -set -filter {jtag_cable_name =~ "RealDigital Boo 887100000004A" && level==0 && jtag_device_ctx=="jsn1-0362f093-0"}
fpga -file C:/Users/vorte/ECE385/fpga_final_project/lab_final_ml/lab_final_workspace/lab_final/_ide/bitstream/digit_recognizer_top.bit
targets -set -nocase -filter {name =~ "*microblaze*#0" && bscan=="USER2" }
loadhw -hw C:/Users/vorte/ECE385/fpga_final_project/lab_final_ml/lab_final_workspace/digit_recognizer_top/export/digit_recognizer_top/hw/digit_recognizer_top.xsa -regs
configparams mdm-detect-bscan-mask 2
targets -set -nocase -filter {name =~ "*microblaze*#0" && bscan=="USER2" }
rst -system
after 3000
targets -set -nocase -filter {name =~ "*microblaze*#0" && bscan=="USER2" }
dow C:/Users/vorte/ECE385/fpga_final_project/lab_final_ml/lab_final_workspace/lab_final/Debug/lab_final.elf
----------------End of Script----------------

13:17:20 INFO  : Context for processor 'microblaze_0' is selected.
13:17:20 INFO  : 'con' command is executed.
13:17:20 INFO  : ----------------XSDB Script (After Launch)----------------
targets -set -nocase -filter {name =~ "*microblaze*#0" && bscan=="USER2" }
con
----------------End of Script----------------

13:17:20 INFO  : Disconnected from the channel tcfchan#4.
18:18:11 INFO  : Connected to target on host '127.0.0.1' and port '3121'.
18:18:11 INFO  : Jtag cable 'RealDigital Boo 887100000004A' is selected.
18:18:11 INFO  : 'jtag frequency' command is executed.
18:18:11 INFO  : 'targets -set -filter {jtag_cable_name =~ "RealDigital Boo 887100000004A" && level==0 && jtag_device_ctx=="jsn1-0362f093-0"}' command is executed.
18:18:12 INFO  : Device configured successfully with "C:/Users/vorte/ECE385/fpga_final_project/lab_final_ml/lab_final_workspace/lab_final/_ide/bitstream/digit_recognizer_top.bit"
18:18:12 INFO  : Context for processor 'microblaze_0' is selected.
18:18:12 INFO  : Hardware design and registers information is loaded from 'C:/Users/vorte/ECE385/fpga_final_project/lab_final_ml/lab_final_workspace/digit_recognizer_top/export/digit_recognizer_top/hw/digit_recognizer_top.xsa'.
18:18:12 INFO  : 'configparams mdm-detect-bscan-mask 2' command is executed.
18:18:12 INFO  : Context for processor 'microblaze_0' is selected.
18:18:12 INFO  : System reset is completed.
18:18:15 INFO  : 'after 3000' command is executed.
18:18:15 INFO  : Context for processor 'microblaze_0' is selected.
18:18:15 INFO  : The application 'C:/Users/vorte/ECE385/fpga_final_project/lab_final_ml/lab_final_workspace/lab_final/Debug/lab_final.elf' is downloaded to processor 'microblaze_0'.
18:18:15 INFO  : ----------------XSDB Script----------------
connect -url tcp:127.0.0.1:3121
targets -set -filter {jtag_cable_name =~ "RealDigital Boo 887100000004A" && level==0 && jtag_device_ctx=="jsn1-0362f093-0"}
fpga -file C:/Users/vorte/ECE385/fpga_final_project/lab_final_ml/lab_final_workspace/lab_final/_ide/bitstream/digit_recognizer_top.bit
targets -set -nocase -filter {name =~ "*microblaze*#0" && bscan=="USER2" }
loadhw -hw C:/Users/vorte/ECE385/fpga_final_project/lab_final_ml/lab_final_workspace/digit_recognizer_top/export/digit_recognizer_top/hw/digit_recognizer_top.xsa -regs
configparams mdm-detect-bscan-mask 2
targets -set -nocase -filter {name =~ "*microblaze*#0" && bscan=="USER2" }
rst -system
after 3000
targets -set -nocase -filter {name =~ "*microblaze*#0" && bscan=="USER2" }
dow C:/Users/vorte/ECE385/fpga_final_project/lab_final_ml/lab_final_workspace/lab_final/Debug/lab_final.elf
----------------End of Script----------------

18:18:15 INFO  : Context for processor 'microblaze_0' is selected.
18:18:16 INFO  : 'con' command is executed.
18:18:16 INFO  : ----------------XSDB Script (After Launch)----------------
targets -set -nocase -filter {name =~ "*microblaze*#0" && bscan=="USER2" }
con
----------------End of Script----------------

18:18:16 INFO  : Disconnected from the channel tcfchan#5.
18:19:02 INFO  : Connected to target on host '127.0.0.1' and port '3121'.
18:19:02 INFO  : Jtag cable 'RealDigital Boo 887100000004A' is selected.
18:19:02 INFO  : 'jtag frequency' command is executed.
18:19:02 INFO  : 'targets -set -filter {jtag_cable_name =~ "RealDigital Boo 887100000004A" && level==0 && jtag_device_ctx=="jsn1-0362f093-0"}' command is executed.
18:19:03 INFO  : Device configured successfully with "C:/Users/vorte/ECE385/fpga_final_project/lab_final_ml/lab_final_workspace/lab_final/_ide/bitstream/digit_recognizer_top.bit"
18:19:04 INFO  : Context for processor 'microblaze_0' is selected.
18:19:04 INFO  : Hardware design and registers information is loaded from 'C:/Users/vorte/ECE385/fpga_final_project/lab_final_ml/lab_final_workspace/digit_recognizer_top/export/digit_recognizer_top/hw/digit_recognizer_top.xsa'.
18:19:04 INFO  : 'configparams mdm-detect-bscan-mask 2' command is executed.
18:19:04 INFO  : Context for processor 'microblaze_0' is selected.
18:19:04 INFO  : System reset is completed.
18:19:07 INFO  : 'after 3000' command is executed.
18:19:07 INFO  : Context for processor 'microblaze_0' is selected.
18:19:07 INFO  : The application 'C:/Users/vorte/ECE385/fpga_final_project/lab_final_ml/lab_final_workspace/lab_final/Debug/lab_final.elf' is downloaded to processor 'microblaze_0'.
18:19:07 INFO  : ----------------XSDB Script----------------
connect -url tcp:127.0.0.1:3121
targets -set -filter {jtag_cable_name =~ "RealDigital Boo 887100000004A" && level==0 && jtag_device_ctx=="jsn1-0362f093-0"}
fpga -file C:/Users/vorte/ECE385/fpga_final_project/lab_final_ml/lab_final_workspace/lab_final/_ide/bitstream/digit_recognizer_top.bit
targets -set -nocase -filter {name =~ "*microblaze*#0" && bscan=="USER2" }
loadhw -hw C:/Users/vorte/ECE385/fpga_final_project/lab_final_ml/lab_final_workspace/digit_recognizer_top/export/digit_recognizer_top/hw/digit_recognizer_top.xsa -regs
configparams mdm-detect-bscan-mask 2
targets -set -nocase -filter {name =~ "*microblaze*#0" && bscan=="USER2" }
rst -system
after 3000
targets -set -nocase -filter {name =~ "*microblaze*#0" && bscan=="USER2" }
dow C:/Users/vorte/ECE385/fpga_final_project/lab_final_ml/lab_final_workspace/lab_final/Debug/lab_final.elf
----------------End of Script----------------

18:19:07 INFO  : Context for processor 'microblaze_0' is selected.
18:19:07 INFO  : 'con' command is executed.
18:19:07 INFO  : ----------------XSDB Script (After Launch)----------------
targets -set -nocase -filter {name =~ "*microblaze*#0" && bscan=="USER2" }
con
----------------End of Script----------------

18:19:07 INFO  : Disconnected from the channel tcfchan#6.
18:27:10 INFO  : Checking for BSP changes to sync application flags for project 'lab_final'...
18:28:49 INFO  : Checking for BSP changes to sync application flags for project 'lab_final'...
